Component: Arm Compiler for Embedded 6.24 Tool: armlink [5f371500]

==============================================================================

Section Cross References

    startup_stm32l432xx.o(STACK) refers (Special) to heapauxi.o(.text) for __use_two_region_memory
    startup_stm32l432xx.o(HEAP) refers (Special) to heapauxi.o(.text) for __use_two_region_memory
    startup_stm32l432xx.o(RESET) refers (Special) to heapauxi.o(.text) for __use_two_region_memory
    startup_stm32l432xx.o(RESET) refers to startup_stm32l432xx.o(STACK) for __initial_sp
    startup_stm32l432xx.o(RESET) refers to startup_stm32l432xx.o(.text) for Reset_Handler
    startup_stm32l432xx.o(RESET) refers to stm32l4xx_it.o(.text.NMI_Handler) for NMI_Handler
    startup_stm32l432xx.o(RESET) refers to stm32l4xx_it.o(.text.HardFault_Handler) for HardFault_Handler
    startup_stm32l432xx.o(RESET) refers to stm32l4xx_it.o(.text.MemManage_Handler) for MemManage_Handler
    startup_stm32l432xx.o(RESET) refers to stm32l4xx_it.o(.text.BusFault_Handler) for BusFault_Handler
    startup_stm32l432xx.o(RESET) refers to stm32l4xx_it.o(.text.UsageFault_Handler) for UsageFault_Handler
    startup_stm32l432xx.o(RESET) refers to port.o(.text.SVC_Handler) for SVC_Handler
    startup_stm32l432xx.o(RESET) refers to stm32l4xx_it.o(.text.DebugMon_Handler) for DebugMon_Handler
    startup_stm32l432xx.o(RESET) refers to port.o(.text.PendSV_Handler) for PendSV_Handler
    startup_stm32l432xx.o(RESET) refers to cmsis_os2.o(.text.SysTick_Handler) for SysTick_Handler
    startup_stm32l432xx.o(RESET) refers to stm32l4xx_it.o(.text.USART1_IRQHandler) for USART1_IRQHandler
    startup_stm32l432xx.o(RESET) refers to stm32l4xx_it.o(.text.TIM6_DAC_IRQHandler) for TIM6_DAC_IRQHandler
    startup_stm32l432xx.o(.text) refers (Special) to heapauxi.o(.text) for __use_two_region_memory
    startup_stm32l432xx.o(.text) refers to system_stm32l4xx.o(.text.SystemInit) for SystemInit
    startup_stm32l432xx.o(.text) refers to __main.o(!!!main) for __main
    startup_stm32l432xx.o(.text) refers to startup_stm32l432xx.o(HEAP) for Heap_Mem
    startup_stm32l432xx.o(.text) refers to startup_stm32l432xx.o(STACK) for Stack_Mem
    main.o(.text.main) refers to stm32l4xx_hal.o(.text.HAL_Init) for HAL_Init
    main.o(.text.main) refers to main.o(.text.SystemClock_Config) for SystemClock_Config
    main.o(.text.main) refers to rt_memclr_w.o(.text) for __aeabi_memclr4
    main.o(.text.main) refers to stm32l4xx_hal_gpio.o(.text.HAL_GPIO_WritePin) for HAL_GPIO_WritePin
    main.o(.text.main) refers to stm32l4xx_hal_gpio.o(.text.HAL_GPIO_Init) for HAL_GPIO_Init
    main.o(.text.main) refers to main.o(.text.OUTLINED_FUNCTION_0) for OUTLINED_FUNCTION_0
    main.o(.text.main) refers to stm32l4xx_hal_tim.o(.text.HAL_TIM_Base_Init) for HAL_TIM_Base_Init
    main.o(.text.main) refers to stm32l4xx_hal_tim.o(.text.HAL_TIM_ConfigClockSource) for HAL_TIM_ConfigClockSource
    main.o(.text.main) refers to stm32l4xx_hal_tim.o(.text.HAL_TIM_PWM_Init) for HAL_TIM_PWM_Init
    main.o(.text.main) refers to stm32l4xx_hal_tim_ex.o(.text.HAL_TIMEx_MasterConfigSynchronization) for HAL_TIMEx_MasterConfigSynchronization
    main.o(.text.main) refers to stm32l4xx_hal_tim.o(.text.HAL_TIM_PWM_ConfigChannel) for HAL_TIM_PWM_ConfigChannel
    main.o(.text.main) refers to stm32l4xx_hal_tim_ex.o(.text.HAL_TIMEx_ConfigBreakDeadTime) for HAL_TIMEx_ConfigBreakDeadTime
    main.o(.text.main) refers to stm32l4xx_hal_msp.o(.text.HAL_TIM_MspPostInit) for HAL_TIM_MspPostInit
    main.o(.text.main) refers to gps_module.o(.text.GPS_Init) for GPS_Init
    main.o(.text.main) refers to cmsis_os2.o(.text.osKernelInitialize) for osKernelInitialize
    main.o(.text.main) refers to cmsis_os2.o(.text.osMessageQueueNew) for osMessageQueueNew
    main.o(.text.main) refers to cmsis_os2.o(.text.osKernelStart) for osKernelStart
    main.o(.text.main) refers to main.o(.bss.huart2) for huart2
    main.o(.text.main) refers to main.o(.bss..L_MergedGlobals) for [Anonymous Symbol]
    main.o(.text.main) refers to main.o(.bss.huart1) for huart1
    main.o(.text.main) refers to main.o(.rodata.gpsRxQueue_attributes) for gpsRxQueue_attributes
    main.o(.text.main) refers to main.o(.text.StartDefaultTask) for StartDefaultTask
    main.o(.text.main) refers to main.o(.rodata.defaultTask_attributes) for defaultTask_attributes
    main.o(.text.main) refers to cmsis_os2.o(.text.osThreadNew) for osThreadNew
    main.o(.text.main) refers to main.o(.text.StartServoTask) for StartServoTask
    main.o(.text.main) refers to main.o(.rodata.servoTask_attributes) for servoTask_attributes
    main.o(.text.main) refers to main.o(.text.StartGpsTask) for StartGpsTask
    main.o(.text.main) refers to main.o(.rodata.gpsTask_attributes) for gpsTask_attributes
    main.o(.text.main) refers to main.o(.text.StartSolarTask) for StartSolarTask
    main.o(.text.main) refers to main.o(.rodata.solarTask_attributes) for solarTask_attributes
[...]
    __rt_entry_li                            0x080002eb   Thumb Code     0  __rtentry2.o(.ARM.Collect$$rtentry$$0000000A)
    __rt_entry_postsh_1                      0x080002eb   Thumb Code     0  __rtentry2.o(.ARM.Collect$$rtentry$$00000009)
    __rt_entry_main                          0x080002ef   Thumb Code     0  __rtentry2.o(.ARM.Collect$$rtentry$$0000000D)
    __rt_entry_postli_1                      0x080002ef   Thumb Code     0  __rtentry2.o(.ARM.Collect$$rtentry$$0000000C)
    __rt_exit                                0x080002f7   Thumb Code     0  rtexit.o(.ARM.Collect$$rtexit$$00000000)
    __rt_exit_ls                             0x080002f9   Thumb Code     0  rtexit2.o(.ARM.Collect$$rtexit$$00000003)
    __rt_exit_prels_1                        0x080002f9   Thumb Code     0  rtexit2.o(.ARM.Collect$$rtexit$$00000002)
    __rt_exit_exit                           0x080002fd   Thumb Code     0  rtexit2.o(.ARM.Collect$$rtexit$$00000004)
    Reset_Handler                            0x08000305   Thumb Code     8  startup_stm32l432xx.o(.text)
    ADC1_IRQHandler                          0x0800031f   Thumb Code     0  startup_stm32l432xx.o(.text)
    CAN1_RX0_IRQHandler                      0x0800031f   Thumb Code     0  startup_stm32l432xx.o(.text)
    CAN1_RX1_IRQHandler                      0x0800031f   Thumb Code     0  startup_stm32l432xx.o(.text)
    CAN1_SCE_IRQHandler                      0x0800031f   Thumb Code     0  startup_stm32l432xx.o(.text)
    CAN1_TX_IRQHandler                       0x0800031f   Thumb Code     0  startup_stm32l432xx.o(.text)
    COMP_IRQHandler                          0x0800031f   Thumb Code     0  startup_stm32l432xx.o(.text)
    CRS_IRQHandler                           0x0800031f   Thumb Code     0  startup_stm32l432xx.o(.text)
    DMA1_Channel1_IRQHandler                 0x0800031f   Thumb Code     0  startup_stm32l432xx.o(.text)
    DMA1_Channel2_IRQHandler                 0x0800031f   Thumb Code     0  startup_stm32l432xx.o(.text)
    DMA1_Channel3_IRQHandler                 0x0800031f   Thumb Code     0  startup_stm32l432xx.o(.text)
    DMA1_Channel4_IRQHandler                 0x0800031f   Thumb Code     0  startup_stm32l432xx.o(.text)
    DMA1_Channel5_IRQHandler                 0x0800031f   Thumb Code     0  startup_stm32l432xx.o(.text)
    DMA1_Channel6_IRQHandler                 0x0800031f   Thumb Code     0  startup_stm32l432xx.o(.text)
    DMA1_Channel7_IRQHandler                 0x0800031f   Thumb Code     0  startup_stm32l432xx.o(.text)
    DMA2_Channel1_IRQHandler                 0x0800031f   Thumb Code     0  startup_stm32l432xx.o(.text)
    DMA2_Channel2_IRQHandler                 0x0800031f   Thumb Code     0  startup_stm32l432xx.o(.text)
    DMA2_Channel3_IRQHandler                 0x0800031f   Thumb Code     0  startup_stm32l432xx.o(.text)
    DMA2_Channel4_IRQHandler                 0x0800031f   Thumb Code     0  startup_stm32l432xx.o(.text)
    DMA2_Channel5_IRQHandler                 0x0800031f   Thumb Code     0  startup_stm32l432xx.o(.text)
    DMA2_Channel6_IRQHandler                 0x0800031f   Thumb Code     0  startup_stm32l432xx.o(.text)
    DMA2_Channel7_IRQHandler                 0x0800031f   Thumb Code     0  startup_stm32l432xx.o(.text)
    EXTI0_IRQHandler                         0x0800031f   Thumb Code     0  startup_stm32l432xx.o(.text)
    EXTI15_10_IRQHandler                     0x0800031f   Thumb Code     0  startup_stm32l432xx.o(.text)
    EXTI1_IRQHandler                         0x0800031f   Thumb Code     0  startup_stm32l432xx.o(.text)
    EXTI2_IRQHandler                         0x0800031f   Thumb Code     0  startup_stm32l432xx.o(.text)
    EXTI3_IRQHandler                         0x0800031f   Thumb Code     0  startup_stm32l432xx.o(.text)
    EXTI4_IRQHandler                         0x0800031f   Thumb Code     0  startup_stm32l432xx.o(.text)
    EXTI9_5_IRQHandler                       0x0800031f   Thumb Code     0  startup_stm32l432xx.o(.text)
    FLASH_IRQHandler                         0x0800031f   Thumb Code     0  startup_stm32l432xx.o(.text)
    FPU_IRQHandler                           0x0800031f   Thumb Code     0  startup_stm32l432xx.o(.text)
    I2C1_ER_IRQHandler                       0x0800031f   Thumb Code     0  startup_stm32l432xx.o(.text)
    I2C1_EV_IRQHandler                       0x0800031f   Thumb Code     0  startup_stm32l432xx.o(.text)
    I2C3_ER_IRQHandler                       0x0800031f   Thumb Code     0  startup_stm32l432xx.o(.text)
    I2C3_EV_IRQHandler                       0x0800031f   Thumb Code     0  startup_stm32l432xx.o(.text)
    LPTIM1_IRQHandler                        0x0800031f   Thumb Code     0  startup_stm32l432xx.o(.text)
    LPTIM2_IRQHandler                        0x0800031f   Thumb Code     0  startup_stm32l432xx.o(.text)
    LPUART1_IRQHandler                       0x0800031f   Thumb Code     0  startup_stm32l432xx.o(.text)
    PVD_PVM_IRQHandler                       0x0800031f   Thumb Code     0  startup_stm32l432xx.o(.text)
    QUADSPI_IRQHandler                       0x0800031f   Thumb Code     0  startup_stm32l432xx.o(.text)
    RCC_IRQHandler                           0x0800031f   Thumb Code     0  startup_stm32l432xx.o(.text)
    RNG_IRQHandler                           0x0800031f   Thumb Code     0  startup_stm32l432xx.o(.text)
    RTC_Alarm_IRQHandler                     0x0800031f   Thumb Code     0  startup_stm32l432xx.o(.text)
    RTC_WKUP_IRQHandler                      0x0800031f   Thumb Code     0  startup_stm32l432xx.o(.text)
    SAI1_IRQHandler                          0x0800031f   Thumb Code     0  startup_stm32l432xx.o(.text)
    SPI1_IRQHandler                          0x0800031f   Thumb Code     0  startup_stm32l432xx.o(.text)
    SPI3_IRQHandler                          0x0800031f   Thumb Code     0  startup_stm32l432xx.o(.text)
    SWPMI1_IRQHandler                        0x0800031f   Thumb Code     0  startup_stm32l432xx.o(.text)
    TAMP_STAMP_IRQHandler                    0x0800031f   Thumb Code     0  startup_stm32l432xx.o(.text)
    TIM1_BRK_TIM15_IRQHandler                0x0800031f   Thumb Code     0  startup_stm32l432xx.o(.text)
    TIM1_CC_IRQHandler                       0x0800031f   Thumb Code     0  startup_stm32l432xx.o(.text)
    TIM1_TRG_COM_IRQHandler                  0x0800031f   Thumb Code     0  startup_stm32l432xx.o(.text)
    TIM1_UP_TIM16_IRQHandler                 0x0800031f   Thumb Code     0  startup_stm32l432xx.o(.text)
    TIM2_IRQHandler                          0x0800031f   Thumb Code     0  startup_stm32l432xx.o(.text)
    TIM7_IRQHandler                          0x0800031f   Thumb Code     0  startup_stm32l432xx.o(.text)
    TSC_IRQHandler                           0x0800031f   Thumb Code     0  startup_stm32l432xx.o(.text)
    USART2_IRQHandler                        0x0800031f   Thumb Code     0  startup_stm32l432xx.o(.text)
    USB_IRQHandler                           0x0800031f   Thumb Code     0  startup_stm32l432xx.o(.text)
    WWDG_IRQHandler                          0x0800031f   Thumb Code     0  startup_stm32l432xx.o(.text)
    __user_initial_stackheap                 0x08000321   Thumb Code     0  startup_stm32l432xx.o(.text)
    __aeabi_uldivmod                         0x08000345   Thumb Code     0  lludivv7m.o(.text)
    _ll_udiv                                 0x08000345   Thumb Code   240  lludivv7m.o(.text)
    vsnprintf                                0x08000435   Thumb Code    56  vsnprintf.o(.text)
    atoi                                     0x08000471   Thumb Code    26  atoi.o(.text)
    strtol                                   0x0800048b   Thumb Code   112  strtol.o(.text)
    strtok                                   0x080004fd   Thumb Code     6  strtok.o(.text)
    strchr                                   0x08000509   Thumb Code    20  strchr.o(.text)
    memcmp                                   0x0800051d   Thumb Code    88  memcmp.o(.text)
    strlen                                   0x08000575   Thumb Code    62  strlen.o(.text)
    __aeabi_memcpy                           0x080005b3   Thumb Code     0  rt_memcpy_v6.o(.text)
    __rt_memcpy                              0x080005b3   Thumb Code   138  rt_memcpy_v6.o(.text)
    _memcpy_lastbytes                        0x08000619   Thumb Code     0  rt_memcpy_v6.o(.text)
    __aeabi_memset4                          0x0800063d   Thumb Code    16  aeabi_memset4.o(.text)
    __aeabi_memset8                          0x0800063d   Thumb Code     0  aeabi_memset4.o(.text)
    __aeabi_memclr                           0x0800064d   Thumb Code     0  rt_memclr.o(.text)
    __rt_memclr                              0x0800064d   Thumb Code     0  rt_memclr.o(.text)
    _memset                                  0x08000651   Thumb Code    64  rt_memclr.o(.text)
    __aeabi_memclr4                          0x08000691   Thumb Code     0  rt_memclr_w.o(.text)
    __aeabi_memclr8                          0x08000691   Thumb Code     0  rt_memclr_w.o(.text)
    __rt_memclr_w                            0x08000691   Thumb Code     0  rt_memclr_w.o(.text)
    _memset_w                                0x08000695   Thumb Code    74  rt_memclr_w.o(.text)
    strncpy                                  0x080006df   Thumb Code    86  strncpy.o(.text)
    __use_two_region_memory                  0x08000735   Thumb Code     2  heapauxi.o(.text)
    __rt_heap_escrow$2region                 0x08000737   Thumb Code     2  heapauxi.o(.text)
    __rt_heap_expand$2region                 0x08000739   Thumb Code     2  heapauxi.o(.text)
    __rt_ctype_table                         0x0800073d   Thumb Code    16  rt_ctype_table.o(.text)
    __aeabi_errno_addr                       0x0800074d   Thumb Code     8  rt_errno_addr_intlibspace.o(.text)
    __errno$intlibspace                      0x0800074d   Thumb Code     0  rt_errno_addr_intlibspace.o(.text)
    __rt_errno_addr$intlibspace              0x0800074d   Thumb Code     0  rt_errno_addr_intlibspace.o(.text)
    __read_errno                             0x08000755   Thumb Code    10  _rserrno.o(.text)
    __set_errno                              0x0800075f   Thumb Code    12  _rserrno.o(.text)
    _printf_pre_padding                      0x0800076b   Thumb Code    44  _printf_pad.o(.text)
    _printf_post_padding                     0x08000797   Thumb Code    34  _printf_pad.o(.text)
    _printf_truncate_signed                  0x080007b9   Thumb Code    18  _printf_truncate.o(.text)
    _printf_truncate_unsigned                0x080007cb   Thumb Code    18  _printf_truncate.o(.text)
    _printf_str                              0x080007dd   Thumb Code    82  _printf_str.o(.text)
    _printf_int_dec                          0x08000831   Thumb Code   104  _printf_dec.o(.text)
    _printf_charcount                        0x080008a9   Thumb Code    40  _printf_charcount.o(.text)
    _printf_char_common                      0x080008db   Thumb Code    32  _printf_char_common.o(.text)
    _snputc                                  0x08000901   Thumb Code    16  _snputc.o(.text)
    _printf_wctomb                           0x08000911   Thumb Code   182  _printf_wctomb.o(.text)
    _printf_longlong_dec                     0x080009d5   Thumb Code   108  _printf_longlong_dec.o(.text)
    _printf_longlong_oct                     0x08000a51   Thumb Code    68  _printf_oct_int_ll.o(.text)
    _printf_int_oct                          0x08000a95   Thumb Code    24  _printf_oct_int_ll.o(.text)
    _printf_ll_oct                           0x08000aad   Thumb Code    12  _printf_oct_int_ll.o(.text)
    _printf_longlong_hex                     0x08000ac1   Thumb Code    86  _printf_hex_int_ll_ptr.o(.text)
    _printf_int_hex                          0x08000b17   Thumb Code    28  _printf_hex_int_ll_ptr.o(.text)
    _printf_ll_hex                           0x08000b33   Thumb Code    12  _printf_hex_int_ll_ptr.o(.text)
    _printf_hex_ptr                          0x08000b3f   Thumb Code    18  _printf_hex_int_ll_ptr.o(.text)
    __printf                                 0x08000b55   Thumb Code   388  __printf_flags_ss_wp.o(.text)
    _strtoul                                 0x08000ce3   Thumb Code   158  _strtoul.o(.text)
    __strtod_int                             0x08000dcd   Thumb Code    94  strtod.o(.text)
    __strtok_internal                        0x08000e39   Thumb Code    64  strtok_int.o(.text)
    __aeabi_memcpy4                          0x08000e7d   Thumb Code     0  rt_memcpy_w.o(.text)
    __aeabi_memcpy8                          0x08000e7d   Thumb Code     0  rt_memcpy_w.o(.text)
    __rt_memcpy_w                            0x08000e7d   Thumb Code   100  rt_memcpy_w.o(.text)
    _memcpy_lastbytes_aligned                0x08000ec5   Thumb Code     0  rt_memcpy_w.o(.text)
    __user_libspace                          0x08000ee1   Thumb Code     8  libspace.o(.text)
    __user_perproc_libspace                  0x08000ee1   Thumb Code     0  libspace.o(.text)
    __user_perthread_libspace                0x08000ee1   Thumb Code     0  libspace.o(.text)
    __rt_locale                              0x08000ee9   Thumb Code     8  rt_locale_intlibspace.o(.text)
    _ll_udiv10                               0x08000ef1   Thumb Code   138  lludiv10.o(.text)
    isspace                                  0x08000f7b   Thumb Code    18  isspace.o(.text)
    _printf_int_common                       0x08000f8d   Thumb Code   178  _printf_intcommon.o(.text)
    _printf_fp_dec_real                      0x080011ef   Thumb Code   620  _printf_fp_dec.o(.text)
    _printf_fp_hex_real                      0x08001461   Thumb Code   756  _printf_fp_hex.o(.text)
    _printf_cs_common                        0x08001763   Thumb Code    20  _printf_char.o(.text)
    _printf_char                             0x08001777   Thumb Code    16  _printf_char.o(.text)
    _printf_string                           0x08001787   Thumb Code     8  _printf_char.o(.text)
    _printf_lcs_common                       0x0800178f   Thumb Code    20  _printf_wchar.o(.text)
    _printf_wchar                            0x080017a3   Thumb Code    16  _printf_wchar.o(.text)
    _printf_wstring                          0x080017b3   Thumb Code     8  _printf_wchar.o(.text)
    _chval                                   0x080017bb   Thumb Code    28  _chval.o(.text)
    _sgetc                                   0x080017d7   Thumb Code    30  _sgetc.o(.text)
    _sbackspace                              0x080017f5   Thumb Code    34  _sgetc.o(.text)
    _c16rtomb                                0x08001817   Thumb Code    72  _c16rtomb.o(.text)
    _wcrtomb                                 0x08001817   Thumb Code     0  _c16rtomb.o(.text)
    strcspn                                  0x0800185f   Thumb Code    32  strcspn.o(.text)
    strspn                                   0x0800187f   Thumb Code    28  strspn.o(.text)
    __user_setup_stackheap                   0x0800189b   Thumb Code    74  sys_stackheap_outer.o(.text)
    _printf_fp_infnan                        0x080018e5   Thumb Code   112  _printf_fp_infnan.o(.text)
    _scanf_really_real                       0x08001bb1   Thumb Code   684  scanf_fp.o(.text)
    _btod_etento                             0x08001e6d   Thumb Code   224  bigflt0.o(.text)
    exit                                     0x08001f51   Thumb Code    18  exit.o(.text)
    strcmp                                   0x08001f69   Thumb Code   124  strcmpv7em.o(.text)
    __aeabi_llsl                             0x08001fe5   Thumb Code     0  llshl.o(.text)
    _ll_shift_l                              0x08001fe5   Thumb Code    38  llshl.o(.text)
    _sys_exit                                0x0800200d   Thumb Code     8  sys_exit.o(.text)
    _scanf_really_hex_real                   0x08002019   Thumb Code   786  scanf_hexfp.o(.text)
    _scanf_really_infnan                     0x08002341   Thumb Code   292  scanf_infnan.o(.text)
    __I$use$semihosting                      0x0800247b   Thumb Code     0  use_no_semi.o(.text)
    __use_no_semihosting_swi                 0x0800247b   Thumb Code     2  use_no_semi.o(.text)
    BusFault_Handler                         0x0800247d   Thumb Code     2  stm32l4xx_it.o(.text.BusFault_Handler)
    __semihosting_library_function           0x0800247d   Thumb Code     0  indicate_semi.o(.text)
    DebugMon_Handler                         0x0800247f   Thumb Code     2  stm32l4xx_it.o(.text.DebugMon_Handler)
    Error_Handler                            0x08002481   Thumb Code     8  main.o(.text.Error_Handler)
    GPS_DebugPrint                           0x08002489   Thumb Code    56  gps_module.o(.text.GPS_DebugPrint)
    GPS_Init                                 0x080024c9   Thumb Code    44  gps_module.o(.text.GPS_Init)
    GPS_PrintStatus                          0x0800252d   Thumb Code   156  gps_module.o(.text.GPS_PrintStatus)
    GPS_ProcessChar                          0x08002681   Thumb Code   824  gps_module.o(.text.GPS_ProcessChar)
    GPS_Task                                 0x08002a49   Thumb Code    40  gps_module.o(.text.GPS_Task)
    HAL_DMA_Abort                            0x08002a75   Thumb Code    78  stm32l4xx_hal_dma.o(.text.HAL_DMA_Abort)
    HAL_DMA_Abort_IT                         0x08002ac3   Thumb Code    78  stm32l4xx_hal_dma.o(.text.HAL_DMA_Abort_IT)
    HAL_GPIO_Init                            0x08002b11   Thumb Code   388  stm32l4xx_hal_gpio.o(.text.HAL_GPIO_Init)
    HAL_GPIO_WritePin                        0x08002caf   Thumb Code    12  stm32l4xx_hal_gpio.o(.text.HAL_GPIO_WritePin)
    HAL_GetTick                              0x08002cbd   Thumb Code     8  stm32l4xx_hal.o(.text.HAL_GetTick)
    HAL_IncTick                              0x08002cc5   Thumb Code    16  stm32l4xx_hal.o(.text.HAL_IncTick)
    HAL_Init                                 0x08002cdd   Thumb Code    28  stm32l4xx_hal.o(.text.HAL_Init)
    HAL_InitTick                             0x08002cf9   Thumb Code   136  stm32l4xx_hal_timebase_tim.o(.text.HAL_InitTick)
    HAL_MspInit                              0x08002d8d   Thumb Code    56  stm32l4xx_hal_msp.o(.text.HAL_MspInit)
    HAL_NVIC_EnableIRQ                       0x08002dc9   Thumb Code    28  stm32l4xx_hal_cortex.o(.text.HAL_NVIC_EnableIRQ)
    HAL_NVIC_SetPriority                     0x08002de9   Thumb Code    72  stm32l4xx_hal_cortex.o(.text.HAL_NVIC_SetPriority)
    HAL_NVIC_SetPriorityGrouping             0x08002e35   Thumb Code    24  stm32l4xx_hal_cortex.o(.text.HAL_NVIC_SetPriorityGrouping)
    HAL_PWREx_ControlVoltageScaling          0x08002e55   Thumb Code   100  stm32l4xx_hal_pwr_ex.o(.text.HAL_PWREx_ControlVoltageScaling)
    HAL_PWREx_GetVoltageRange                0x08002ebd   Thumb Code    12  stm32l4xx_hal_pwr_ex.o(.text.HAL_PWREx_GetVoltageRange)
    HAL_PWR_EnableBkUpAccess                 0x08002ec9   Thumb Code    12  stm32l4xx_hal_pwr.o(.text.HAL_PWR_EnableBkUpAccess)
    HAL_RCCEx_EnableMSIPLLMode               0x08002ed5   Thumb Code    12  stm32l4xx_hal_rcc_ex.o(.text.HAL_RCCEx_EnableMSIPLLMode)
    HAL_RCCEx_PeriphCLKConfig                0x08002ee5   Thumb Code   548  stm32l4xx_hal_rcc_ex.o(.text.HAL_RCCEx_PeriphCLKConfig)
    HAL_RCC_ClockConfig                      0x08003111   Thumb Code   308  stm32l4xx_hal_rcc.o(.text.HAL_RCC_ClockConfig)
    HAL_RCC_GetClockConfig                   0x08003251   Thumb Code    56  stm32l4xx_hal_rcc.o(.text.HAL_RCC_GetClockConfig)
    HAL_RCC_GetPCLK1Freq                     0x0800328d   Thumb Code    20  stm32l4xx_hal_rcc.o(.text.HAL_RCC_GetPCLK1Freq)
    HAL_RCC_GetPCLK2Freq                     0x080032a1   Thumb Code    20  stm32l4xx_hal_rcc.o(.text.HAL_RCC_GetPCLK2Freq)
    HAL_RCC_GetSysClockFreq                  0x080032c1   Thumb Code   156  stm32l4xx_hal_rcc.o(.text.HAL_RCC_GetSysClockFreq)
    HAL_RCC_OscConfig                        0x0800336d   Thumb Code  1276  stm32l4xx_hal_rcc.o(.text.HAL_RCC_OscConfig)
    HAL_TIMEx_Break2Callback                 0x08003885   Thumb Code     2  stm32l4xx_hal_tim_ex.o(.text.HAL_TIMEx_Break2Callback)
    HAL_TIMEx_BreakCallback                  0x08003887   Thumb Code     2  stm32l4xx_hal_tim_ex.o(.text.HAL_TIMEx_BreakCallback)
    HAL_TIMEx_CommutCallback                 0x08003889   Thumb Code     2  stm32l4xx_hal_tim_ex.o(.text.HAL_TIMEx_CommutCallback)
    HAL_TIMEx_ConfigBreakDeadTime            0x0800388d   Thumb Code   124  stm32l4xx_hal_tim_ex.o(.text.HAL_TIMEx_ConfigBreakDeadTime)
    HAL_TIMEx_MasterConfigSynchronization    0x08003911   Thumb Code    92  stm32l4xx_hal_tim_ex.o(.text.HAL_TIMEx_MasterConfigSynchronization)
    HAL_TIM_Base_Init                        0x0800396d   Thumb Code    36  stm32l4xx_hal_tim.o(.text.HAL_TIM_Base_Init)
    HAL_TIM_Base_MspInit                     0x08003991   Thumb Code    36  stm32l4xx_hal_msp.o(.text.HAL_TIM_Base_MspInit)
    HAL_TIM_Base_Start_IT                    0x080039b9   Thumb Code    76  stm32l4xx_hal_tim.o(.text.HAL_TIM_Base_Start_IT)
    HAL_TIM_ConfigClockSource                0x08003a0d   Thumb Code   204  stm32l4xx_hal_tim.o(.text.HAL_TIM_ConfigClockSource)
    HAL_TIM_IC_CaptureCallback               0x08003add   Thumb Code     2  stm32l4xx_hal_tim.o(.text.HAL_TIM_IC_CaptureCallback)
    HAL_TIM_IRQHandler                       0x08003adf   Thumb Code   290  stm32l4xx_hal_tim.o(.text.HAL_TIM_IRQHandler)
    HAL_TIM_MspPostInit                      0x08003c01   Thumb Code    68  stm32l4xx_hal_msp.o(.text.HAL_TIM_MspPostInit)
    HAL_TIM_OC_DelayElapsedCallback          0x08003c4d   Thumb Code     2  stm32l4xx_hal_tim.o(.text.HAL_TIM_OC_DelayElapsedCallback)
    HAL_TIM_PWM_ConfigChannel                0x08003c51   Thumb Code   180  stm32l4xx_hal_tim.o(.text.HAL_TIM_PWM_ConfigChannel)
    HAL_TIM_PWM_Init                         0x08003d05   Thumb Code    36  stm32l4xx_hal_tim.o(.text.HAL_TIM_PWM_Init)
    HAL_TIM_PWM_MspInit                      0x08003d29   Thumb Code     2  stm32l4xx_hal_tim.o(.text.HAL_TIM_PWM_MspInit)
    HAL_TIM_PWM_PulseFinishedCallback        0x08003d2b   Thumb Code     2  stm32l4xx_hal_tim.o(.text.HAL_TIM_PWM_PulseFinishedCallback)
    HAL_TIM_PeriodElapsedCallback            0x08003d2d   Thumb Code    16  main.o(.text.HAL_TIM_PeriodElapsedCallback)
    HAL_TIM_TriggerCallback                  0x08003d41   Thumb Code     2  stm32l4xx_hal_tim.o(.text.HAL_TIM_TriggerCallback)
    HAL_UARTEx_RxEventCallback               0x08003d43   Thumb Code     2  stm32l4xx_hal_uart.o(.text.HAL_UARTEx_RxEventCallback)
    HAL_UARTEx_WakeupCallback                0x08003d45   Thumb Code     2  stm32l4xx_hal_uart_ex.o(.text.HAL_UARTEx_WakeupCallback)
    HAL_UART_ErrorCallback                   0x08003d47   Thumb Code     2  stm32l4xx_hal_uart.o(.text.HAL_UART_ErrorCallback)
    HAL_UART_IRQHandler                      0x08003d49   Thumb Code   616  stm32l4xx_hal_uart.o(.text.HAL_UART_IRQHandler)
    HAL_UART_Init                            0x08003fb9   Thumb Code    56  stm32l4xx_hal_uart.o(.text.HAL_UART_Init)
    HAL_UART_MspInit                         0x08003ff1   Thumb Code   280  stm32l4xx_hal_msp.o(.text.HAL_UART_MspInit)
    HAL_UART_Receive_IT                      0x08004115   Thumb Code    56  stm32l4xx_hal_uart.o(.text.HAL_UART_Receive_IT)
    HAL_UART_RxCpltCallback                  0x08004151   Thumb Code    36  main.o(.text.HAL_UART_RxCpltCallback)
    HAL_UART_Transmit                        0x08004181   Thumb Code   176  stm32l4xx_hal_uart.o(.text.HAL_UART_Transmit)
    HAL_UART_TxCpltCallback                  0x08004231   Thumb Code     2  stm32l4xx_hal_uart.o(.text.HAL_UART_TxCpltCallback)
    HardFault_Handler                        0x08004233   Thumb Code     2  stm32l4xx_it.o(.text.HardFault_Handler)
    MemManage_Handler                        0x08004235   Thumb Code     2  stm32l4xx_it.o(.text.MemManage_Handler)
    NMI_Handler                              0x08004237   Thumb Code     2  stm32l4xx_it.o(.text.NMI_Handler)
    PendSV_Handler                           0x08004541   Thumb Code   100  port.o(.text.PendSV_Handler)
    SVC_Handler                              0x08004761   Thumb Code    36  port.o(.text.SVC_Handler)
    StartDefaultTask                         0x0800478f   Thumb Code     8  main.o(.text.StartDefaultTask)
    StartGpsTask                             0x08004797   Thumb Code     6  main.o(.text.StartGpsTask)
    StartServoTask                           0x0800479d   Thumb Code     8  main.o(.text.StartServoTask)
    StartSolarTask                           0x080047a5   Thumb Code     8  main.o(.text.StartSolarTask)
    SysTick_Handler                          0x080047ad   Thumb Code    24  cmsis_os2.o(.text.SysTick_Handler)
    SystemClock_Config                       0x080047c9   Thumb Code   148  main.o(.text.SystemClock_Config)
    SystemInit                               0x08004861   Thumb Code    12  system_stm32l4xx.o(.text.SystemInit)
    TIM6_DAC_IRQHandler                      0x08004871   Thumb Code     8  stm32l4xx_it.o(.text.TIM6_DAC_IRQHandler)
    TIM_Base_SetConfig                       0x0800487d   Thumb Code   112  stm32l4xx_hal_tim.o(.text.TIM_Base_SetConfig)
    TIM_OC2_SetConfig                        0x08004959   Thumb Code   100  stm32l4xx_hal_tim.o(.text.TIM_OC2_SetConfig)
    UART_AdvFeatureConfig                    0x08004b7d   Thumb Code   168  stm32l4xx_hal_uart.o(.text.UART_AdvFeatureConfig)
    UART_CheckIdleState                      0x08004c25   Thumb Code   136  stm32l4xx_hal_uart.o(.text.UART_CheckIdleState)
    UART_SetConfig                           0x08004e49   Thumb Code   384  stm32l4xx_hal_uart.o(.text.UART_SetConfig)
    UART_Start_Receive_IT                    0x08004ff9   Thumb Code   172  stm32l4xx_hal_uart.o(.text.UART_Start_Receive_IT)
    UART_WaitOnFlagUntilTimeout              0x080050ad   Thumb Code   136  stm32l4xx_hal_uart.o(.text.UART_WaitOnFlagUntilTimeout)
    USART1_IRQHandler                        0x08005135   Thumb Code     8  stm32l4xx_it.o(.text.USART1_IRQHandler)
    UsageFault_Handler                       0x0800513d   Thumb Code     2  stm32l4xx_it.o(.text.UsageFault_Handler)
    main                                     0x08005141   Thumb Code   504  main.o(.text.main)
    osDelay                                  0x08005379   Thumb Code    26  cmsis_os2.o(.text.osDelay)
    osKernelInitialize                       0x08005395   Thumb Code    32  cmsis_os2.o(.text.osKernelInitialize)
    osKernelStart                            0x080053b5   Thumb Code    48  cmsis_os2.o(.text.osKernelStart)
    osMessageQueueNew                        0x080053ed   Thumb Code    96  cmsis_os2.o(.text.osMessageQueueNew)
    osThreadNew                              0x0800544d   Thumb Code   140  cmsis_os2.o(.text.osThreadNew)
    pvPortMalloc                             0x08005ca1   Thumb Code   252  heap_4.o(.text.pvPortMalloc)
    pxPortInitialiseStack                    0x08005da1   Thumb Code    32  port.o(.text.pxPortInitialiseStack)
    uxListRemove                             0x08005dc5   Thumb Code    32  list.o(.text.uxListRemove)
    vApplicationGetIdleTaskMemory            0x08005de5   Thumb Code    16  cmsis_os2.o(.text.vApplicationGetIdleTaskMemory)
    vApplicationGetTimerTaskMemory           0x08005dfd   Thumb Code    16  cmsis_os2.o(.text.vApplicationGetTimerTaskMemory)
    vListInitialise                          0x08005e15   Thumb Code    22  list.o(.text.vListInitialise)
    vListInitialiseItem                      0x08005e2b   Thumb Code     6  list.o(.text.vListInitialiseItem)
    vListInsert                              0x08005e31   Thumb Code    46  list.o(.text.vListInsert)
    vListInsertEnd                           0x08005e5f   Thumb Code    24  list.o(.text.vListInsertEnd)
    vPortEnterCritical                       0x08005e8d   Thumb Code    56  port.o(.text.vPortEnterCritical)
    vPortExitCritical                        0x08005ec5   Thumb Code    40  port.o(.text.vPortExitCritical)
    vPortFree                                0x08005ef1   Thumb Code   112  heap_4.o(.text.vPortFree)
    vPortSetupTimerInterrupt                 0x08005f65   Thumb Code    32  port.o(.text.vPortSetupTimerInterrupt)
    vPortValidateInterruptPriority           0x08005f8d   Thumb Code    76  port.o(.text.vPortValidateInterruptPriority)
    vQueueAddToRegistry                      0x08005fe1   Thumb Code    28  queue.o(.text.vQueueAddToRegistry)
    vQueueWaitForMessageRestricted           0x08006001   Thumb Code    64  queue.o(.text.vQueueWaitForMessageRestricted)
    vTaskDelay                               0x08006041   Thumb Code    64  tasks.o(.text.vTaskDelay)
    vTaskInternalSetTimeOutState             0x08006085   Thumb Code    12  tasks.o(.text.vTaskInternalSetTimeOutState)
    vTaskMissedYield                         0x08006091   Thumb Code     8  tasks.o(.text.vTaskMissedYield)
    vTaskPlaceOnEventList                    0x08006099   Thumb Code    48  tasks.o(.text.vTaskPlaceOnEventList)
    vTaskPlaceOnEventListRestricted          0x080060c9   Thumb Code    56  tasks.o(.text.vTaskPlaceOnEventListRestricted)
    vTaskStartScheduler                      0x08006101   Thumb Code   116  tasks.o(.text.vTaskStartScheduler)
    vTaskSuspendAll                          0x08006181   Thumb Code    12  tasks.o(.text.vTaskSuspendAll)
    vTaskSwitchContext                       0x0800618d   Thumb Code    88  tasks.o(.text.vTaskSwitchContext)
    xPortStartScheduler                      0x08006245   Thumb Code   204  port.o(.text.xPortStartScheduler)
    xPortSysTickHandler                      0x08006329   Thumb Code    40  port.o(.text.xPortSysTickHandler)
    xQueueGenericCreate                      0x08006355   Thumb Code    66  queue.o(.text.xQueueGenericCreate)
    xQueueGenericCreateStatic                0x08006397   Thumb Code   136  queue.o(.text.xQueueGenericCreateStatic)
    xQueueGenericReset                       0x08006421   Thumb Code   124  queue.o(.text.xQueueGenericReset)
    xQueueGenericSend                        0x0800649d   Thumb Code   372  queue.o(.text.xQueueGenericSend)
    xQueueGenericSendFromISR                 0x0800661b   Thumb Code   192  queue.o(.text.xQueueGenericSendFromISR)
    xQueueReceive                            0x080066dd   Thumb Code   304  queue.o(.text.xQueueReceive)
    xTaskCheckForTimeOut                     0x08006819   Thumb Code   108  tasks.o(.text.xTaskCheckForTimeOut)
    xTaskCreate                              0x08006885   Thumb Code    88  tasks.o(.text.xTaskCreate)
    xTaskCreateStatic                        0x080068e3   Thumb Code   112  tasks.o(.text.xTaskCreateStatic)
    xTaskGetSchedulerState                   0x08006955   Thumb Code    24  tasks.o(.text.xTaskGetSchedulerState)
    xTaskGetTickCount                        0x0800696d   Thumb Code     8  tasks.o(.text.xTaskGetTickCount)
    xTaskIncrementTick                       0x08006975   Thumb Code   204  tasks.o(.text.xTaskIncrementTick)
    xTaskPriorityDisinherit                  0x08006a41   Thumb Code   108  tasks.o(.text.xTaskPriorityDisinherit)
    xTaskRemoveFromEventList                 0x08006aad   Thumb Code    92  tasks.o(.text.xTaskRemoveFromEventList)
    xTaskResumeAll                           0x08006b09   Thumb Code   184  tasks.o(.text.xTaskResumeAll)
    xTimerCreateTimerTask                    0x08006bcd   Thumb Code    84  timers.o(.text.xTimerCreateTimerTask)
    xTimerGenericCommand                     0x08006c31   Thumb Code    84  timers.o(.text.xTimerGenericCommand)
    _btod_d2e                                0x08006c89   Thumb Code    62  btod.o(CL$$btod_d2e)
    _d2e_denorm_low                          0x08006cc7   Thumb Code    70  btod.o(CL$$btod_d2e_denorm_low)
    _d2e_norm_op1                            0x08006d0d   Thumb Code    96  btod.o(CL$$btod_d2e_norm_op1)
    __btod_div_common                        0x08006d6d   Thumb Code   696  btod.o(CL$$btod_div_common)
    _e2d                                     0x080070a5   Thumb Code   122  btod.o(CL$$btod_e2d)
    _e2e                                     0x08007129   Thumb Code   220  btod.o(CL$$btod_e2e)
    _btod_ediv                               0x08007205   Thumb Code    42  btod.o(CL$$btod_ediv)
    _btod_edivd                              0x0800722f   Thumb Code    42  btod.o(CL$$btod_edivd)
    _btod_emul                               0x08007259   Thumb Code    42  btod.o(CL$$btod_emul)
    _btod_emuld                              0x08007283   Thumb Code    42  btod.o(CL$$btod_emuld)
    __btod_mult_common                       0x080072ad   Thumb Code   580  btod.o(CL$$btod_mult_common)
    __ARM_fpclassify                         0x080074f1   Thumb Code    48  fpclassify.o(i.__ARM_fpclassify)
    __hardfp___mathlib_tofloat               0x08007521   Thumb Code   232  narrow.o(i.__hardfp___mathlib_tofloat)
    __hardfp_atof                            0x08007619   Thumb Code    46  atof.o(i.__hardfp_atof)
    __hardfp_ldexp                           0x08007651   Thumb Code   200  ldexp.o(i.__hardfp_ldexp)
    __mathlib_dbl_overflow                   0x08007721   Thumb Code    24  dunder.o(i.__mathlib_dbl_overflow)
    __mathlib_dbl_underflow                  0x08007741   Thumb Code    24  dunder.o(i.__mathlib_dbl_underflow)
    __mathlib_narrow                         0x08007761   Thumb Code    18  narrow.o(i.__mathlib_narrow)
    __support_ldexp                          0x08007773   Thumb Code    20  ldexp.o(i.__support_ldexp)
    _is_digit                                0x08007787   Thumb Code    14  __printf_wp.o(i._is_digit)
    frexp                                    0x08007799   Thumb Code   118  frexp.o(i.frexp)
    _get_lc_ctype                            0x08007825   Thumb Code    44  lc_ctype_c.o(locale$$code)
    _get_lc_numeric                          0x08007851   Thumb Code    44  lc_numeric_c.o(locale$$code)
    __aeabi_d2f                              0x0800787d   Thumb Code     0  d2f.o(x$fpl$d2f)
    _d2f                                     0x0800787d   Thumb Code    98  d2f.o(x$fpl$d2f)
    __fpl_dcheck_NaN1                        0x080078e1   Thumb Code    10  dcheck1.o(x$fpl$dcheck1)
    __fpl_dcmp_Inf                           0x080078f1   Thumb Code    24  dcmpi.o(x$fpl$dcmpinf)
    __aeabi_cdcmpeq                          0x08007909   Thumb Code     0  deqf.o(x$fpl$deqf)
    _dcmpeq                                  0x08007909   Thumb Code   120  deqf.o(x$fpl$deqf)
    __aeabi_cdcmple                          0x08007981   Thumb Code     0  dleqf.o(x$fpl$dleqf)
    _dcmple                                  0x08007981   Thumb Code   120  dleqf.o(x$fpl$dleqf)
    __fpl_dcmple_InfNaN                      0x080079e3   Thumb Code     0  dleqf.o(x$fpl$dleqf)
    __aeabi_dmul                             0x080079f9   Thumb Code     0  dmul.o(x$fpl$dmul)
    _dmul                                    0x080079f9   Thumb Code   332  dmul.o(x$fpl$dmul)
    __fpl_dnaninf                            0x08007b4d   Thumb Code   156  dnaninf.o(x$fpl$dnaninf)
    __fpl_dretinf                            0x08007be9   Thumb Code    12  dretinf.o(x$fpl$dretinf)
    __aeabi_cdrcmple                         0x08007bf5   Thumb Code     0  drleqf.o(x$fpl$drleqf)
    _drcmple                                 0x08007bf5   Thumb Code   108  drleqf.o(x$fpl$drleqf)
    __aeabi_f2d                              0x08007c61   Thumb Code     0  f2d.o(x$fpl$f2d)
    _f2d                                     0x08007c61   Thumb Code    86  f2d.o(x$fpl$f2d)
    __fpl_fnaninf                            0x08007cb7   Thumb Code   140  fnaninf.o(x$fpl$fnaninf)
    _fp_init                                 0x08007d43   Thumb Code    26  fpinit.o(x$fpl$fpinit)
    __fplib_config_fpu_vfp                   0x08007d5b   Thumb Code     0  fpinit.o(x$fpl$fpinit)
    __fplib_config_pureend_doubles           0x08007d5b   Thumb Code     0  fpinit.o(x$fpl$fpinit)
    __fpl_fretinf                            0x08007d5d   Thumb Code    10  fretinf.o(x$fpl$fretinf)
    __ieee_status                            0x08007d67   Thumb Code     6  istatus.o(x$fpl$ieeestatus)
    _printf_fp_dec                           0x08007d6d   Thumb Code     4  printf1.o(x$fpl$printf1)
    _printf_fp_hex                           0x08007d71   Thumb Code     4  printf2.o(x$fpl$printf2)
    __fpl_return_NaN                         0x08007d75   Thumb Code   100  retnan.o(x$fpl$retnan)
    __ARM_scalbn                             0x08007dd9   Thumb Code    92  scalbn.o(x$fpl$scalbn)
    _scanf_real                              0x08007e35   Thumb Code     4  scanf1.o(x$fpl$scanf1)
    _scanf_hex_real                          0x08007e39   Thumb Code     4  scanf2.o(x$fpl$scanf2)
    _scanf_infnan                            0x08007e3d   Thumb Code     4  scanf2.o(x$fpl$scanf2)
    __fpl_cmpreturn                          0x08007e41   Thumb Code    48  trapv.o(x$fpl$trapveneer)
    __I$use$fp                               0x08007e70   Number         0  usenofp.o(x$fpl$usenofp)
    AHBPrescTable                            0x08007f6c   Data          16  system_stm32l4xx.o(.rodata.AHBPrescTable)
    APBPrescTable                            0x08007f7c   Data           8  system_stm32l4xx.o(.rodata.APBPrescTable)
    MSIRangeTable                            0x08007f84   Data          48  system_stm32l4xx.o(.rodata.MSIRangeTable)
    defaultTask_attributes                   0x08007fc4   Data          36  main.o(.rodata.defaultTask_attributes)
    gpsRxQueue_attributes                    0x08007fe8   Data          24  main.o(.rodata.gpsRxQueue_attributes)
    gpsTask_attributes                       0x08008000   Data          36  main.o(.rodata.gpsTask_attributes)
    servoTask_attributes                     0x08008024   Data          36  main.o(.rodata.servoTask_attributes)
    solarTask_attributes                     0x08008048   Data          36  main.o(.rodata.solarTask_attributes)
    Region$$Table$$Base                      0x080081c4   Number         0  anon$$obj.o(Region$$Table)
    Region$$Table$$Limit                     0x080081e4   Number         0  anon$$obj.o(Region$$Table)
    __aeabi_HUGE_VAL                         0x080081e4   Data           0  fpconst.o(c$$dinf)
    __aeabi_HUGE_VALL                        0x080081e4   Data           0  fpconst.o(c$$dinf)
    __aeabi_INFINITY                         0x080081e4   Data           0  fpconst.o(c$$dinf)
    __dInf                                   0x080081e4   Data           0  fpconst.o(c$$dinf)
    __huge_val                               0x080081e4   Data           0  fpconst.o(c$$dinf)
    __dbl_max                                0x080081ec   Data           0  fpconst.o(c$$dmax)
    __ctype                                  0x08008201   Data           0  lc_ctype_c.o(locale$$data)
    uwTickFreq                               0x20000004   Data           1  stm32l4xx_hal.o(.data..L_MergedGlobals)
    uwTickPrio                               0x20000008   Data           4  stm32l4xx_hal.o(.data..L_MergedGlobals)
    SystemCoreClock                          0x2000000c   Data           4  system_stm32l4xx.o(.data.SystemCoreClock)
    __libspace_start                         0x20000018   Data          96  libspace.o(.bss)
    __temporary_stack_top$libspace           0x20000078   Data           0  libspace.o(.bss)
    gpsRxQueueHandle                         0x20000078   Data           4  main.o(.bss..L_MergedGlobals)
    defaultTaskHandle                        0x2000007c   Data           4  main.o(.bss..L_MergedGlobals)
    servoTaskHandle                          0x20000080   Data           4  main.o(.bss..L_MergedGlobals)
    gpsTaskHandle                            0x20000084   Data           4  main.o(.bss..L_MergedGlobals)
    solarTaskHandle                          0x20000088   Data           4  main.o(.bss..L_MergedGlobals)
    htim1                                    0x2000008c   Data          76  main.o(.bss..L_MergedGlobals)
    gps_rx_char                              0x200000d8   Data           1  gps_module.o(.bss..L_MergedGlobals)
    pxCurrentTCB                             0x20000104   Data           4  tasks.o(.bss..L_MergedGlobals)
    htim6                                    0x20000390   Data          76  stm32l4xx_hal_timebase_tim.o(.bss.htim6)
    huart1                                   0x200003dc   Data         136  main.o(.bss.huart1)
    huart2                                   0x20000464   Data         136  main.o(.bss.huart2)
    uwTick                                   0x2000463c   Data           4  stm32l4xx_hal.o(.bss.uwTick)
    xQueueRegistry                           0x20004cf8   Data          64  queue.o(.bss.xQueueRegistry)



==============================================================================

Memory Map of the image

  Image Entry point : 0x0800018d

  Load Region LR_IROM1 (Base: 0x08000000, Size: 0x00008338, Max: 0x00040000, ABSOLUTE)

    Execution Region ER_IROM1 (Exec base: 0x08000000, Load base: 0x08000000, Size: 0x00008320, Max: 0x00040000, ABSOLUTE)

    Exec Addr    Load Addr    Size         Type   Attr      Idx    E Section Name        Object

    0x08000000   0x08000000   0x0000018c   Data   RO            3    RESET               startup_stm32l432xx.o
    0x0800018c   0x0800018c   0x00000008   Code   RO         2153  * !!!main             c_w.l(__main.o)
    0x08000194   0x08000194   0x0000005c   Code   RO         2632    !!!scatter          c_w.l(__scatter.o)
    0x080001f0   0x080001f0   0x0000001a   Code   RO         2636    !!handler_copy      c_w.l(__scatter_copy.o)
    0x0800020a   0x0800020a   0x00000002   PAD
    0x0800020c   0x0800020c   0x00000002   Code   RO         2633    !!handler_null      c_w.l(__scatter.o)
    0x0800020e   0x0800020e   0x00000002   PAD
    0x08000210   0x08000210   0x0000001c   Code   RO         2638    !!handler_zi        c_w.l(__scatter_zi.o)
    0x0800022c   0x0800022c   0x00000000   Code   RO         2260    .ARM.Collect$$_printf_percent$$00000000  c_w.l(_printf_percent.o)
    0x0800022c   0x0800022c   0x00000006   Code   RO         2249    .ARM.Collect$$_printf_percent$$00000001  c_w.l(_printf_n.o)
    0x08000232   0x08000232   0x00000006   Code   RO         2251    .ARM.Collect$$_printf_percent$$00000002  c_w.l(_printf_p.o)
    0x08000238   0x08000238   0x00000006   Code   RO         2256    .ARM.Collect$$_printf_percent$$00000003  c_w.l(_printf_f.o)
    0x0800023e   0x0800023e   0x00000006   Code   RO         2257    .ARM.Collect$$_printf_percent$$00000004  c_w.l(_printf_e.o)
    0x08000244   0x08000244   0x00000006   Code   RO         2258    .ARM.Collect$$_printf_percent$$00000005  c_w.l(_printf_g.o)
    0x0800024a   0x0800024a   0x00000006   Code   RO         2259    .ARM.Collect$$_printf_percent$$00000006  c_w.l(_printf_a.o)
    0x08000250   0x08000250   0x0000000a   Code   RO         2264    .ARM.Collect$$_printf_percent$$00000007  c_w.l(_printf_ll.o)
    0x0800025a   0x0800025a   0x00000006   Code   RO         2253    .ARM.Collect$$_printf_percent$$00000008  c_w.l(_printf_i.o)
    0x08000260   0x08000260   0x00000006   Code   RO         2254    .ARM.Collect$$_printf_percent$$00000009  c_w.l(_printf_d.o)
    0x08000266   0x08000266   0x00000006   Code   RO         2255    .ARM.Collect$$_printf_percent$$0000000A  c_w.l(_printf_u.o)
    0x0800026c   0x0800026c   0x00000006   Code   RO         2252    .ARM.Collect$$_printf_percent$$0000000B  c_w.l(_printf_o.o)
    0x08000272   0x08000272   0x00000006   Code   RO         2250    .ARM.Collect$$_printf_percent$$0000000C  c_w.l(_printf_x.o)
    0x08000278   0x08000278   0x00000006   Code   RO         2261    .ARM.Collect$$_printf_percent$$0000000D  c_w.l(_printf_lli.o)
    0x0800027e   0x0800027e   0x00000006   Code   RO         2262    .ARM.Collect$$_printf_percent$$0000000E  c_w.l(_printf_lld.o)
    0x08000284   0x08000284   0x00000006   Code   RO         2263    .ARM.Collect$$_printf_percent$$0000000F  c_w.l(_printf_llu.o)
    0x0800028a   0x0800028a   0x00000006   Code   RO         2268    .ARM.Collect$$_printf_percent$$00000010  c_w.l(_printf_llo.o)
    0x08000290   0x08000290   0x00000006   Code   RO         2269    .ARM.Collect$$_printf_percent$$00000011  c_w.l(_printf_llx.o)
    0x08000296   0x08000296   0x0000000a   Code   RO         2265    .ARM.Collect$$_printf_percent$$00000012  c_w.l(_printf_l.o)
    0x080002a0   0x080002a0   0x00000006   Code   RO         2247    .ARM.Collect$$_printf_percent$$00000013  c_w.l(_printf_c.o)
    0x080002a6   0x080002a6   0x00000006   Code   RO         2248    .ARM.Collect$$_printf_percent$$00000014  c_w.l(_printf_s.o)
    0x080002ac   0x080002ac   0x00000006   Code   RO         2266    .ARM.Collect$$_printf_percent$$00000015  c_w.l(_printf_lc.o)
    0x080002b2   0x080002b2   0x00000006   Code   RO         2267    .ARM.Collect$$_printf_percent$$00000016  c_w.l(_printf_ls.o)
    0x080002b8   0x080002b8   0x00000004   Code   RO         2339    .ARM.Collect$$_printf_percent$$00000017  c_w.l(_printf_percent_end.o)
    0x080002bc   0x080002bc   0x00000002   Code   RO         2406    .ARM.Collect$$libinit$$00000000  c_w.l(libinit.o)
    0x080002be   0x080002be   0x00000004   Code   RO         2407    .ARM.Collect$$libinit$$00000001  c_w.l(libinit2.o)
    0x080002c2   0x080002c2   0x00000000   Code   RO         2410    .ARM.Collect$$libinit$$00000004  c_w.l(libinit2.o)
    0x080002c2   0x080002c2   0x00000000   Code   RO         2412    .ARM.Collect$$libinit$$00000006  c_w.l(libinit2.o)
    0x080002c2   0x080002c2   0x00000000   Code   RO         2415    .ARM.Collect$$libinit$$0000000C  c_w.l(libinit2.o)
    0x080002c2   0x080002c2   0x00000000   Code   RO         2417    .ARM.Collect$$libinit$$0000000E  c_w.l(libinit2.o)
    0x080002c2   0x080002c2   0x00000000   Code   RO         2419    .ARM.Collect$$libinit$$00000010  c_w.l(libinit2.o)
    0x080002c2   0x080002c2   0x00000006   Code   RO         2420    .ARM.Collect$$libinit$$00000011  c_w.l(libinit2.o)
    0x080002c8   0x080002c8   0x00000000   Code   RO         2422    .ARM.Collect$$libinit$$00000013  c_w.l(libinit2.o)
    0x080002c8   0x080002c8   0x0000000c   Code   RO         2423    .ARM.Collect$$libinit$$00000014  c_w.l(libinit2.o)
    0x080002d4   0x080002d4   0x00000000   Code   RO         2424    .ARM.Collect$$libinit$$00000015  c_w.l(libinit2.o)
    0x080002d4   0x080002d4   0x00000000   Code   RO         2426    .ARM.Collect$$libinit$$00000017  c_w.l(libinit2.o)
    0x080002d4   0x080002d4   0x0000000a   Code   RO         2427    .ARM.Collect$$libinit$$00000018  c_w.l(libinit2.o)
    0x080002de   0x080002de   0x00000000   Code   RO         2428    .ARM.Collect$$libinit$$00000019  c_w.l(libinit2.o)
    0x080002de   0x080002de   0x00000000   Code   RO         2430    .ARM.Collect$$libinit$$0000001B  c_w.l(libinit2.o)
    0x080002de   0x080002de   0x00000000   Code   RO         2432    .ARM.Collect$$libinit$$0000001D  c_w.l(libinit2.o)
    0x080002de   0x080002de   0x00000000   Code   RO         2434    .ARM.Collect$$libinit$$0000001F  c_w.l(libinit2.o)
    0x080002de   0x080002de   0x00000000   Code   RO         2436    .ARM.Collect$$libinit$$00000021  c_w.l(libinit2.o)
    0x080002de   0x080002de   0x00000000   Code   RO         2438    .ARM.Collect$$libinit$$00000023  c_w.l(libinit2.o)
    0x080002de   0x080002de   0x00000000   Code   RO         2440    .ARM.Collect$$libinit$$00000025  c_w.l(libinit2.o)
    0x080002de   0x080002de   0x00000000   Code   RO         2442    .ARM.Collect$$libinit$$00000027  c_w.l(libinit2.o)
    0x080002de   0x080002de   0x00000000   Code   RO         2446    .ARM.Collect$$libinit$$0000002E  c_w.l(libinit2.o)
    0x080002de   0x080002de   0x00000000   Code   RO         2448    .ARM.Collect$$libinit$$00000030  c_w.l(libinit2.o)
    0x080002de   0x080002de   0x00000000   Code   RO         2450    .ARM.Collect$$libinit$$00000032  c_w.l(libinit2.o)
    0x080002de   0x080002de   0x00000000   Code   RO         2452    .ARM.Collect$$libinit$$00000034  c_w.l(libinit2.o)
    0x080002de   0x080002de   0x00000002   Code   RO         2453    .ARM.Collect$$libinit$$00000035  c_w.l(libinit2.o)
    0x080002e0   0x080002e0   0x00000002   Code   RO         2551    .ARM.Collect$$libshutdown$$00000000  c_w.l(libshutdown.o)
    0x080002e2   0x080002e2   0x00000000   Code   RO         2583    .ARM.Collect$$libshutdown$$00000002  c_w.l(libshutdown2.o)
    0x080002e2   0x080002e2   0x00000000   Code   RO         2585    .ARM.Collect$$libshutdown$$00000004  c_w.l(libshutdown2.o)
    0x080002e2   0x080002e2   0x00000000   Code   RO         2588    .ARM.Collect$$libshutdown$$00000007  c_w.l(libshutdown2.o)
    0x080002e2   0x080002e2   0x00000000   Code   RO         2591    .ARM.Collect$$libshutdown$$0000000A  c_w.l(libshutdown2.o)
    0x080002e2   0x080002e2   0x00000000   Code   RO         2593    .ARM.Collect$$libshutdown$$0000000C  c_w.l(libshutdown2.o)
    0x080002e2   0x080002e2   0x00000000   Code   RO         2596    .ARM.Collect$$libshutdown$$0000000F  c_w.l(libshutdown2.o)
    0x080002e2   0x080002e2   0x00000002   Code   RO         2597    .ARM.Collect$$libshutdown$$00000010  c_w.l(libshutdown2.o)
    0x080002e4   0x080002e4   0x00000000   Code   RO         2165    .ARM.Collect$$rtentry$$00000000  c_w.l(__rtentry.o)
    0x080002e4   0x080002e4   0x00000000   Code   RO         2299    .ARM.Collect$$rtentry$$00000002  c_w.l(__rtentry2.o)
    0x080002e4   0x080002e4   0x00000006   Code   RO         2311    .ARM.Collect$$rtentry$$00000004  c_w.l(__rtentry4.o)
    0x080002ea   0x080002ea   0x00000000   Code   RO         2301    .ARM.Collect$$rtentry$$00000009  c_w.l(__rtentry2.o)
    0x080002ea   0x080002ea   0x00000004   Code   RO         2302    .ARM.Collect$$rtentry$$0000000A  c_w.l(__rtentry2.o)
    0x080002ee   0x080002ee   0x00000000   Code   RO         2304    .ARM.Collect$$rtentry$$0000000C  c_w.l(__rtentry2.o)
    0x080002ee   0x080002ee   0x00000008   Code   RO         2305    .ARM.Collect$$rtentry$$0000000D  c_w.l(__rtentry2.o)
    0x080002f6   0x080002f6   0x00000002   Code   RO         2458    .ARM.Collect$$rtexit$$00000000  c_w.l(rtexit.o)
    0x080002f8   0x080002f8   0x00000000   Code   RO         2500    .ARM.Collect$$rtexit$$00000002  c_w.l(rtexit2.o)
    0x080002f8   0x080002f8   0x00000004   Code   RO         2501    .ARM.Collect$$rtexit$$00000003  c_w.l(rtexit2.o)
    0x080002fc   0x080002fc   0x00000006   Code   RO         2502    .ARM.Collect$$rtexit$$00000004  c_w.l(rtexit2.o)
    0x08000302   0x08000302   0x00000002   PAD
    0x08000304   0x08000304   0x00000040   Code   RO            4    .text               startup_stm32l432xx.o
    0x08000344   0x08000344   0x000000f0   Code   RO         2122    .text               c_w.l(lludivv7m.o)
    0x08000434   0x08000434   0x0000003c   Code   RO         2124    .text               c_w.l(vsnprintf.o)
    0x08000470   0x08000470   0x0000001a   Code   RO         2126    .text               c_w.l(atoi.o)
    0x0800048a   0x0800048a   0x00000070   Code   RO         2128    .text               c_w.l(strtol.o)
    0x080004fa   0x080004fa   0x00000002   PAD
    0x080004fc   0x080004fc   0x0000000c   Code   RO         2130    .text               c_w.l(strtok.o)
    0x08000508   0x08000508   0x00000014   Code   RO         2133    .text               c_w.l(strchr.o)
    0x0800051c   0x0800051c   0x00000058   Code   RO         2135    .text               c_w.l(memcmp.o)
    0x08000574   0x08000574   0x0000003e   Code   RO         2137    .text               c_w.l(strlen.o)
    0x080005b2   0x080005b2   0x0000008a   Code   RO         2139    .text               c_w.l(rt_memcpy_v6.o)
    0x0800063c   0x0800063c   0x00000010   Code   RO         2143    .text               c_w.l(aeabi_memset4.o)
    0x0800064c   0x0800064c   0x00000044   Code   RO         2145    .text               c_w.l(rt_memclr.o)
    0x08000690   0x08000690   0x0000004e   Code   RO         2147    .text               c_w.l(rt_memclr_w.o)
    0x080006de   0x080006de   0x00000056   Code   RO         2149    .text               c_w.l(strncpy.o)
    0x08000734   0x08000734   0x00000006   Code   RO         2151    .text               c_w.l(heapauxi.o)
    0x0800073a   0x0800073a   0x00000002   PAD
    0x0800073c   0x0800073c   0x00000010   Code   RO         2166    .text               c_w.l(rt_ctype_table.o)
    0x0800074c   0x0800074c   0x00000008   Code   RO         2175    .text               c_w.l(rt_errno_addr_intlibspace.o)
    0x08000754   0x08000754   0x00000016   Code   RO         2177    .text               c_w.l(_rserrno.o)
    0x0800076a   0x0800076a   0x0000004e   Code   RO         2181    .text               c_w.l(_printf_pad.o)
    0x080007b8   0x080007b8   0x00000024   Code   RO         2183    .text               c_w.l(_printf_truncate.o)
    0x080007dc   0x080007dc   0x00000052   Code   RO         2185    .text               c_w.l(_printf_str.o)
    0x0800082e   0x0800082e   0x00000002   PAD
    0x08000830   0x08000830   0x00000078   Code   RO         2187    .text               c_w.l(_printf_dec.o)
    0x080008a8   0x080008a8   0x00000028   Code   RO         2189    .text               c_w.l(_printf_charcount.o)
    0x080008d0   0x080008d0   0x00000030   Code   RO         2191    .text               c_w.l(_printf_char_common.o)
    0x08000900   0x08000900   0x00000010   Code   RO         2193    .text               c_w.l(_snputc.o)
    0x08000910   0x08000910   0x000000c2   Code   RO         2195    .text               c_w.l(_printf_wctomb.o)
    0x080009d2   0x080009d2   0x00000002   PAD
    0x080009d4   0x080009d4   0x0000007c   Code   RO         2198    .text               c_w.l(_printf_longlong_dec.o)
    0x08000a50   0x08000a50   0x00000070   Code   RO         2204    .text               c_w.l(_printf_oct_int_ll.o)
    0x08000ac0   0x08000ac0   0x00000094   Code   RO         2224    .text               c_w.l(_printf_hex_int_ll_ptr.o)
    0x08000b54   0x08000b54   0x0000018e   Code   RO         2244    .text               c_w.l(__printf_flags_ss_wp.o)
    0x08000ce2   0x08000ce2   0x000000a4   Code   RO         2270    .text               c_w.l(_strtoul.o)
    0x08000d86   0x08000d86   0x00000002   PAD
    0x08000d88   0x08000d88   0x000000b0   Code   RO         2272    .text               c_w.l(strtod.o)
    0x08000e38   0x08000e38   0x00000044   Code   RO         2274    .text               c_w.l(strtok_int.o)
    0x08000e7c   0x08000e7c   0x00000064   Code   RO         2276    .text               c_w.l(rt_memcpy_w.o)
    0x08000ee0   0x08000ee0   0x00000008   Code   RO         2295    .text               c_w.l(libspace.o)
    0x08000ee8   0x08000ee8   0x00000008   Code   RO         2318    .text               c_w.l(rt_locale_intlibspace.o)
    0x08000ef0   0x08000ef0   0x0000008a   Code   RO         2320    .text               c_w.l(lludiv10.o)
    0x08000f7a   0x08000f7a   0x00000012   Code   RO         2322    .text               c_w.l(isspace.o)
    0x08000f8c   0x08000f8c   0x000000b2   Code   RO         2324    .text               c_w.l(_printf_intcommon.o)
    0x0800103e   0x0800103e   0x00000422   Code   RO         2326    .text               c_w.l(_printf_fp_dec.o)
    0x08001460   0x08001460   0x00000302   Code   RO         2330    .text               c_w.l(_printf_fp_hex.o)
    0x08001762   0x08001762   0x0000002c   Code   RO         2335    .text               c_w.l(_printf_char.o)
    0x0800178e   0x0800178e   0x0000002c   Code   RO         2337    .text               c_w.l(_printf_wchar.o)
    0x080017ba   0x080017ba   0x0000001c   Code   RO         2340    .text               c_w.l(_chval.o)
    0x080017d6   0x080017d6   0x00000040   Code   RO         2342    .text               c_w.l(_sgetc.o)
    0x08001816   0x08001816   0x00000048   Code   RO         2344    .text               c_w.l(_c16rtomb.o)
    0x0800185e   0x0800185e   0x00000020   Code   RO         2352    .text               c_w.l(strcspn.o)
    0x0800187e   0x0800187e   0x0000001c   Code   RO         2354    .text               c_w.l(strspn.o)
    0x0800189a   0x0800189a   0x0000004a   Code   RO         2358    .text               c_w.l(sys_stackheap_outer.o)
    0x080018e4   0x080018e4   0x00000080   Code   RO         2360    .text               c_w.l(_printf_fp_infnan.o)
    0x08001964   0x08001964   0x00000508   Code   RO         2362    .text               c_w.l(scanf_fp.o)
    0x08001e6c   0x08001e6c   0x000000e4   Code   RO         2366    .text               c_w.l(bigflt0.o)
    0x08001f50   0x08001f50   0x00000012   Code   RO         2393    .text               c_w.l(exit.o)
    0x08001f62   0x08001f62   0x00000006   PAD
    0x08001f68   0x08001f68   0x0000007c   Code   RO         2399    .text               c_w.l(strcmpv7em.o)
    0x08001fe4   0x08001fe4   0x00000026   Code   RO         2462    .text               c_w.l(llshl.o)
    0x0800200a   0x0800200a   0x00000002   PAD
    0x0800200c   0x0800200c   0x0000000c   Code   RO         2495    .text               c_w.l(sys_exit.o)
    0x08002018   0x08002018   0x00000326   Code   RO         2508    .text               c_w.l(scanf_hexfp.o)
    0x0800233e   0x0800233e   0x00000002   PAD
    0x08002340   0x08002340   0x0000013a   Code   RO         2510    .text               c_w.l(scanf_infnan.o)
    0x0800247a   0x0800247a   0x00000002   Code   RO         2538    .text               c_w.l(use_no_semi.o)
    0x0800247c   0x0800247c   0x00000000   Code   RO         2540    .text               c_w.l(indicate_semi.o)
    0x0800247c   0x0800247c   0x00000002   Code   RO           56    .text.BusFault_Handler  stm32l4xx_it.o
    0x0800247e   0x0800247e   0x00000002   Code   RO           60    .text.DebugMon_Handler  stm32l4xx_it.o
    0x08002480   0x08002480   0x00000008   Code   RO           23    .text.Error_Handler  main.o
    0x08002488   0x08002488   0x00000040   Code   RO          114    .text.GPS_DebugPrint  gps_module.o
    0x080024c8   0x080024c8   0x00000064   Code   RO          112    .text.GPS_Init      gps_module.o
    0x0800252c   0x0800252c   0x00000154   Code   RO          120    .text.GPS_PrintStatus  gps_module.o
    0x08002680   0x08002680   0x000003c6   Code   RO          116    .text.GPS_ProcessChar  gps_module.o
    0x08002a46   0x08002a46   0x00000002   PAD
    0x08002a48   0x08002a48   0x0000002c   Code   RO          122    .text.GPS_Task      gps_module.o
    0x08002a74   0x08002a74   0x0000004e   Code   RO          982    .text.HAL_DMA_Abort  stm32l4xx_hal_dma.o
    0x08002ac2   0x08002ac2   0x0000004e   Code   RO          984    .text.HAL_DMA_Abort_IT  stm32l4xx_hal_dma.o
    0x08002b10   0x08002b10   0x0000019e   Code   RO          946    .text.HAL_GPIO_Init  stm32l4xx_hal_gpio.o
    0x08002cae   0x08002cae   0x0000000c   Code   RO          952    .text.HAL_GPIO_WritePin  stm32l4xx_hal_gpio.o
    0x08002cba   0x08002cba   0x00000002   PAD
    0x08002cbc   0x08002cbc   0x00000008   Code   RO          698    .text.HAL_GetTick   stm32l4xx_hal.o
    0x08002cc4   0x08002cc4   0x00000018   Code   RO          696    .text.HAL_IncTick   stm32l4xx_hal.o
    0x08002cdc   0x08002cdc   0x0000001c   Code   RO          686    .text.HAL_Init      stm32l4xx_hal.o
    0x08002cf8   0x08002cf8   0x00000094   Code   RO           97    .text.HAL_InitTick  stm32l4xx_hal_timebase_tim.o
    0x08002d8c   0x08002d8c   0x0000003c   Code   RO           73    .text.HAL_MspInit   stm32l4xx_hal_msp.o
    0x08002dc8   0x08002dc8   0x00000020   Code   RO         1137    .text.HAL_NVIC_EnableIRQ  stm32l4xx_hal_cortex.o
    0x08002de8   0x08002de8   0x0000004c   Code   RO         1135    .text.HAL_NVIC_SetPriority  stm32l4xx_hal_cortex.o
    0x08002e34   0x08002e34   0x00000020   Code   RO         1133    .text.HAL_NVIC_SetPriorityGrouping  stm32l4xx_hal_cortex.o
    0x08002e54   0x08002e54   0x00000068   Code   RO         1051    .text.HAL_PWREx_ControlVoltageScaling  stm32l4xx_hal_pwr_ex.o
    0x08002ebc   0x08002ebc   0x0000000c   Code   RO         1049    .text.HAL_PWREx_GetVoltageRange  stm32l4xx_hal_pwr_ex.o
    0x08002ec8   0x08002ec8   0x0000000c   Code   RO         1011    .text.HAL_PWR_EnableBkUpAccess  stm32l4xx_hal_pwr.o
    0x08002ed4   0x08002ed4   0x00000010   Code   RO          840    .text.HAL_RCCEx_EnableMSIPLLMode  stm32l4xx_hal_rcc_ex.o
    0x08002ee4   0x08002ee4   0x0000022c   Code   RO          810    .text.HAL_RCCEx_PeriphCLKConfig  stm32l4xx_hal_rcc_ex.o
    0x08003110   0x08003110   0x00000140   Code   RO          768    .text.HAL_RCC_ClockConfig  stm32l4xx_hal_rcc.o
    0x08003250   0x08003250   0x0000003c   Code   RO          780    .text.HAL_RCC_GetClockConfig  stm32l4xx_hal_rcc.o
    0x0800328c   0x0800328c   0x00000014   Code   RO          774    .text.HAL_RCC_GetPCLK1Freq  stm32l4xx_hal_rcc.o
    0x080032a0   0x080032a0   0x00000020   Code   RO          776    .text.HAL_RCC_GetPCLK2Freq  stm32l4xx_hal_rcc.o
    0x080032c0   0x080032c0   0x000000ac   Code   RO          766    .text.HAL_RCC_GetSysClockFreq  stm32l4xx_hal_rcc.o
    0x0800336c   0x0800336c   0x00000518   Code   RO          762    .text.HAL_RCC_OscConfig  stm32l4xx_hal_rcc.o
    0x08003884   0x08003884   0x00000002   Code   RO          622    .text.HAL_TIMEx_Break2Callback  stm32l4xx_hal_tim_ex.o
    0x08003886   0x08003886   0x00000002   Code   RO          620    .text.HAL_TIMEx_BreakCallback  stm32l4xx_hal_tim_ex.o
    0x08003888   0x08003888   0x00000002   Code   RO          616    .text.HAL_TIMEx_CommutCallback  stm32l4xx_hal_tim_ex.o
    0x0800388a   0x0800388a   0x00000002   PAD
    0x0800388c   0x0800388c   0x00000084   Code   RO          608    .text.HAL_TIMEx_ConfigBreakDeadTime  stm32l4xx_hal_tim_ex.o
    0x08003910   0x08003910   0x0000005c   Code   RO          606    .text.HAL_TIMEx_MasterConfigSynchronization  stm32l4xx_hal_tim_ex.o
    0x0800396c   0x0800396c   0x00000024   Code   RO          145    .text.HAL_TIM_Base_Init  stm32l4xx_hal_tim.o
    0x08003990   0x08003990   0x00000028   Code   RO           75    .text.HAL_TIM_Base_MspInit  stm32l4xx_hal_msp.o
    0x080039b8   0x080039b8   0x00000054   Code   RO          159    .text.HAL_TIM_Base_Start_IT  stm32l4xx_hal_tim.o
    0x08003a0c   0x08003a0c   0x000000d0   Code   RO          337    .text.HAL_TIM_ConfigClockSource  stm32l4xx_hal_tim.o
    0x08003adc   0x08003adc   0x00000002   Code   RO          281    .text.HAL_TIM_IC_CaptureCallback  stm32l4xx_hal_tim.o
    0x08003ade   0x08003ade   0x00000122   Code   RO          279    .text.HAL_TIM_IRQHandler  stm32l4xx_hal_tim.o
    0x08003c00   0x08003c00   0x0000004c   Code   RO           77    .text.HAL_TIM_MspPostInit  stm32l4xx_hal_msp.o
    0x08003c4c   0x08003c4c   0x00000002   Code   RO          283    .text.HAL_TIM_OC_DelayElapsedCallback  stm32l4xx_hal_tim.o
    0x08003c4e   0x08003c4e   0x00000002   PAD
    0x08003c50   0x08003c50   0x000000b4   Code   RO          311    .text.HAL_TIM_PWM_ConfigChannel  stm32l4xx_hal_tim.o
    0x08003d04   0x08003d04   0x00000024   Code   RO          199    .text.HAL_TIM_PWM_Init  stm32l4xx_hal_tim.o
    0x08003d28   0x08003d28   0x00000002   Code   RO          201    .text.HAL_TIM_PWM_MspInit  stm32l4xx_hal_tim.o
    0x08003d2a   0x08003d2a   0x00000002   Code   RO          285    .text.HAL_TIM_PWM_PulseFinishedCallback  stm32l4xx_hal_tim.o
    0x08003d2c   0x08003d2c   0x00000014   Code   RO           27    .text.HAL_TIM_PeriodElapsedCallback  main.o
    0x08003d40   0x08003d40   0x00000002   Code   RO          289    .text.HAL_TIM_TriggerCallback  stm32l4xx_hal_tim.o
    0x08003d42   0x08003d42   0x00000002   Code   RO         1303    .text.HAL_UARTEx_RxEventCallback  stm32l4xx_hal_uart.o
    0x08003d44   0x08003d44   0x00000002   Code   RO         1408    .text.HAL_UARTEx_WakeupCallback  stm32l4xx_hal_uart_ex.o
    0x08003d46   0x08003d46   0x00000002   Code   RO         1301    .text.HAL_UART_ErrorCallback  stm32l4xx_hal_uart.o
    0x08003d48   0x08003d48   0x00000270   Code   RO         1297    .text.HAL_UART_IRQHandler  stm32l4xx_hal_uart.o
    0x08003fb8   0x08003fb8   0x00000038   Code   RO         1213    .text.HAL_UART_Init  stm32l4xx_hal_uart.o
    0x08003ff0   0x08003ff0   0x00000124   Code   RO           81    .text.HAL_UART_MspInit  stm32l4xx_hal_msp.o
    0x08004114   0x08004114   0x0000003c   Code   RO         1245    .text.HAL_UART_Receive_IT  stm32l4xx_hal_uart.o
    0x08004150   0x08004150   0x00000030   Code   RO           25    .text.HAL_UART_RxCpltCallback  main.o
    0x08004180   0x08004180   0x000000b0   Code   RO         1233    .text.HAL_UART_Transmit  stm32l4xx_hal_uart.o
    0x08004230   0x08004230   0x00000002   Code   RO         1305    .text.HAL_UART_TxCpltCallback  stm32l4xx_hal_uart.o
    0x08004232   0x08004232   0x00000002   Code   RO           52    .text.HardFault_Handler  stm32l4xx_it.o
    0x08004234   0x08004234   0x00000002   Code   RO           54    .text.MemManage_Handler  stm32l4xx_it.o
    0x08004236   0x08004236   0x00000002   Code   RO           50    .text.NMI_Handler   stm32l4xx_it.o
    0x08004238   0x08004238   0x00000014   Code   RO           29    .text.OUTLINED_FUNCTION_0  main.o
    0x0800424c   0x0800424c   0x00000010   Code   RO           85    .text.OUTLINED_FUNCTION_0  stm32l4xx_hal_msp.o
    0x0800425c   0x0800425c   0x00000008   Code   RO          128    .text.OUTLINED_FUNCTION_0  gps_module.o
    0x08004264   0x08004264   0x0000002e   Code   RO          381    .text.OUTLINED_FUNCTION_0  stm32l4xx_hal_tim.o
    0x08004292   0x08004292   0x00000024   Code   RO          790    .text.OUTLINED_FUNCTION_0  stm32l4xx_hal_rcc.o
    0x080042b6   0x080042b6   0x00000014   Code   RO         1343    .text.OUTLINED_FUNCTION_0  stm32l4xx_hal_uart.o
    0x080042ca   0x080042ca   0x00000006   Code   RO         1585    .text.OUTLINED_FUNCTION_0  queue.o
    0x080042d0   0x080042d0   0x00000008   Code   RO         1792    .text.OUTLINED_FUNCTION_0  tasks.o
    0x080042d8   0x080042d8   0x0000000a   Code   RO           87    .text.OUTLINED_FUNCTION_1  stm32l4xx_hal_msp.o
    0x080042e2   0x080042e2   0x00000006   Code   RO          130    .text.OUTLINED_FUNCTION_1  gps_module.o
    0x080042e8   0x080042e8   0x00000014   Code   RO          792    .text.OUTLINED_FUNCTION_1  stm32l4xx_hal_rcc.o
    0x080042fc   0x080042fc   0x00000010   Code   RO          864    .text.OUTLINED_FUNCTION_1  stm32l4xx_hal_rcc_ex.o
    0x0800430c   0x0800430c   0x00000014   Code   RO         1345    .text.OUTLINED_FUNCTION_1  stm32l4xx_hal_uart.o
    0x08004320   0x08004320   0x00000008   Code   RO         1587    .text.OUTLINED_FUNCTION_1  queue.o
    0x08004328   0x08004328   0x0000000e   Code   RO         1794    .text.OUTLINED_FUNCTION_1  tasks.o
    0x08004336   0x08004336   0x00000006   Code   RO         2036    .text.OUTLINED_FUNCTION_1  cmsis_os2.o
    0x0800433c   0x0800433c   0x0000000c   Code   RO         1363    .text.OUTLINED_FUNCTION_10  stm32l4xx_hal_uart.o
    0x08004348   0x08004348   0x00000008   Code   RO         1365    .text.OUTLINED_FUNCTION_11  stm32l4xx_hal_uart.o
    0x08004350   0x08004350   0x00000014   Code   RO         1371    .text.OUTLINED_FUNCTION_14  stm32l4xx_hal_uart.o
    0x08004364   0x08004364   0x00000014   Code   RO         1377    .text.OUTLINED_FUNCTION_17  stm32l4xx_hal_uart.o
    0x08004378   0x08004378   0x00000014   Code   RO         1379    .text.OUTLINED_FUNCTION_18  stm32l4xx_hal_uart.o
    0x0800438c   0x0800438c   0x00000010   Code   RO          419    .text.OUTLINED_FUNCTION_19  stm32l4xx_hal_tim.o
    0x0800439c   0x0800439c   0x0000000c   Code   RO         1381    .text.OUTLINED_FUNCTION_19  stm32l4xx_hal_uart.o
    0x080043a8   0x080043a8   0x00000006   Code   RO          794    .text.OUTLINED_FUNCTION_2  stm32l4xx_hal_rcc.o
    0x080043ae   0x080043ae   0x00000014   Code   RO         1347    .text.OUTLINED_FUNCTION_2  stm32l4xx_hal_uart.o
    0x080043c2   0x080043c2   0x00000006   Code   RO         1589    .text.OUTLINED_FUNCTION_2  queue.o
    0x080043c8   0x080043c8   0x0000000a   Code   RO         1796    .text.OUTLINED_FUNCTION_2  tasks.o
    0x080043d2   0x080043d2   0x0000000c   Code   RO         1383    .text.OUTLINED_FUNCTION_20  stm32l4xx_hal_uart.o
    0x080043de   0x080043de   0x0000000a   Code   RO         1385    .text.OUTLINED_FUNCTION_21  stm32l4xx_hal_uart.o
    0x080043e8   0x080043e8   0x0000000a   Code   RO         1387    .text.OUTLINED_FUNCTION_22  stm32l4xx_hal_uart.o
    0x080043f2   0x080043f2   0x00000008   Code   RO          427    .text.OUTLINED_FUNCTION_23  stm32l4xx_hal_tim.o
    0x080043fa   0x080043fa   0x0000000e   Code   RO         1391    .text.OUTLINED_FUNCTION_24  stm32l4xx_hal_uart.o
    0x08004408   0x08004408   0x0000000a   Code   RO          431    .text.OUTLINED_FUNCTION_25  stm32l4xx_hal_tim.o
    0x08004412   0x08004412   0x00000006   Code   RO         1393    .text.OUTLINED_FUNCTION_25  stm32l4xx_hal_uart.o
    0x08004418   0x08004418   0x00000006   Code   RO         1395    .text.OUTLINED_FUNCTION_26  stm32l4xx_hal_uart.o
    0x0800441e   0x0800441e   0x0000000e   Code   RO          387    .text.OUTLINED_FUNCTION_3  stm32l4xx_hal_tim.o
    0x0800442c   0x0800442c   0x00000008   Code   RO          796    .text.OUTLINED_FUNCTION_3  stm32l4xx_hal_rcc.o
    0x08004434   0x08004434   0x00000006   Code   RO         1591    .text.OUTLINED_FUNCTION_3  queue.o
    0x0800443a   0x0800443a   0x0000000a   Code   RO          798    .text.OUTLINED_FUNCTION_4  stm32l4xx_hal_rcc.o
    0x08004444   0x08004444   0x00000014   Code   RO         1351    .text.OUTLINED_FUNCTION_4  stm32l4xx_hal_uart.o
    0x08004458   0x08004458   0x00000010   Code   RO         1593    .text.OUTLINED_FUNCTION_4  queue.o
    0x08004468   0x08004468   0x00000006   Code   RO         1800    .text.OUTLINED_FUNCTION_4  tasks.o
    0x0800446e   0x0800446e   0x00000014   Code   RO          461    .text.OUTLINED_FUNCTION_40  stm32l4xx_hal_tim.o
    0x08004482   0x08004482   0x0000000c   Code   RO          475    .text.OUTLINED_FUNCTION_47  stm32l4xx_hal_tim.o
    0x0800448e   0x0800448e   0x0000000c   Code   RO          477    .text.OUTLINED_FUNCTION_48  stm32l4xx_hal_tim.o
    0x0800449a   0x0800449a   0x0000000e   Code   RO          800    .text.OUTLINED_FUNCTION_5  stm32l4xx_hal_rcc.o
    0x080044a8   0x080044a8   0x00000006   Code   RO         1595    .text.OUTLINED_FUNCTION_5  queue.o
    0x080044ae   0x080044ae   0x00000008   Code   RO         1802    .text.OUTLINED_FUNCTION_5  tasks.o
    0x080044b6   0x080044b6   0x0000000a   Code   RO          481    .text.OUTLINED_FUNCTION_50  stm32l4xx_hal_tim.o
    0x080044c0   0x080044c0   0x00000008   Code   RO          499    .text.OUTLINED_FUNCTION_59  stm32l4xx_hal_tim.o
    0x080044c8   0x080044c8   0x0000000a   Code   RO         1355    .text.OUTLINED_FUNCTION_6  stm32l4xx_hal_uart.o
    0x080044d2   0x080044d2   0x00000008   Code   RO         1597    .text.OUTLINED_FUNCTION_6  queue.o
    0x080044da   0x080044da   0x00000008   Code   RO         1804    .text.OUTLINED_FUNCTION_6  tasks.o
    0x080044e2   0x080044e2   0x00000006   Code   RO          503    .text.OUTLINED_FUNCTION_61  stm32l4xx_hal_tim.o
    0x080044e8   0x080044e8   0x0000000a   Code   RO          507    .text.OUTLINED_FUNCTION_63  stm32l4xx_hal_tim.o
    0x080044f2   0x080044f2   0x00000008   Code   RO          511    .text.OUTLINED_FUNCTION_65  stm32l4xx_hal_tim.o
    0x080044fa   0x080044fa   0x0000000c   Code   RO         1357    .text.OUTLINED_FUNCTION_7  stm32l4xx_hal_uart.o
    0x08004506   0x08004506   0x00000008   Code   RO         1599    .text.OUTLINED_FUNCTION_7  queue.o
    0x0800450e   0x0800450e   0x0000000a   Code   RO          521    .text.OUTLINED_FUNCTION_70  stm32l4xx_hal_tim.o
    0x08004518   0x08004518   0x00000014   Code   RO         1359    .text.OUTLINED_FUNCTION_8  stm32l4xx_hal_uart.o
    0x0800452c   0x0800452c   0x0000000c   Code   RO          399    .text.OUTLINED_FUNCTION_9  stm32l4xx_hal_tim.o
    0x08004538   0x08004538   0x00000006   Code   RO         1810    .text.OUTLINED_FUNCTION_9  tasks.o
    0x0800453e   0x0800453e   0x00000002   PAD
    0x08004540   0x08004540   0x0000007a   Code   RO         2105    .text.PendSV_Handler  port.o
    0x080045ba   0x080045ba   0x00000002   PAD
    0x080045bc   0x080045bc   0x00000114   Code   RO          812    .text.RCCEx_PLLSAI1_Config  stm32l4xx_hal_rcc_ex.o
    0x080046d0   0x080046d0   0x00000084   Code   RO          764    .text.RCC_SetFlashLatencyFromMSIRange  stm32l4xx_hal_rcc.o
    0x08004754   0x08004754   0x0000000c   PAD
    0x08004760   0x08004760   0x0000002e   Code   RO         2089    .text.SVC_Handler   port.o
    0x0800478e   0x0800478e   0x00000008   Code   RO           15    .text.StartDefaultTask  main.o
    0x08004796   0x08004796   0x00000006   Code   RO           19    .text.StartGpsTask  main.o
    0x0800479c   0x0800479c   0x00000008   Code   RO           17    .text.StartServoTask  main.o
    0x080047a4   0x080047a4   0x00000008   Code   RO           21    .text.StartSolarTask  main.o
    0x080047ac   0x080047ac   0x0000001c   Code   RO         1882    .text.SysTick_Handler  cmsis_os2.o
    0x080047c8   0x080047c8   0x00000098   Code   RO           13    .text.SystemClock_Config  main.o
    0x08004860   0x08004860   0x00000010   Code   RO         1438    .text.SystemInit    system_stm32l4xx.o
    0x08004870   0x08004870   0x0000000c   Code   RO           64    .text.TIM6_DAC_IRQHandler  stm32l4xx_it.o
    0x0800487c   0x0800487c   0x00000070   Code   RO          149    .text.TIM_Base_SetConfig  stm32l4xx_hal_tim.o
    0x080048ec   0x080048ec   0x0000006c   Code   RO          293    .text.TIM_OC1_SetConfig  stm32l4xx_hal_tim.o
    0x08004958   0x08004958   0x00000064   Code   RO          295    .text.TIM_OC2_SetConfig  stm32l4xx_hal_tim.o
    0x080049bc   0x080049bc   0x00000064   Code   RO          297    .text.TIM_OC3_SetConfig  stm32l4xx_hal_tim.o
    0x08004a20   0x08004a20   0x0000004c   Code   RO          299    .text.TIM_OC4_SetConfig  stm32l4xx_hal_tim.o
    0x08004a6c   0x08004a6c   0x00000048   Code   RO          301    .text.TIM_OC5_SetConfig  stm32l4xx_hal_tim.o
    0x08004ab4   0x08004ab4   0x0000004c   Code   RO          303    .text.TIM_OC6_SetConfig  stm32l4xx_hal_tim.o
    0x08004b00   0x08004b00   0x00000044   Code   RO          339    .text.TIM_TI1_ConfigInputStage  stm32l4xx_hal_tim.o
    0x08004b44   0x08004b44   0x00000038   Code   RO          341    .text.TIM_TI2_ConfigInputStage  stm32l4xx_hal_tim.o
    0x08004b7c   0x08004b7c   0x000000a8   Code   RO         1217    .text.UART_AdvFeatureConfig  stm32l4xx_hal_uart.o
    0x08004c24   0x08004c24   0x00000088   Code   RO         1221    .text.UART_CheckIdleState  stm32l4xx_hal_uart.o
    0x08004cac   0x08004cac   0x00000006   Code   RO         1299    .text.UART_DMAAbortOnError  stm32l4xx_hal_uart.o
    0x08004cb2   0x08004cb2   0x0000003e   Code   RO         1269    .text.UART_EndRxTransfer  stm32l4xx_hal_uart.o
    0x08004cf0   0x08004cf0   0x000000ac   Code   RO         1335    .text.UART_RxISR_16BIT  stm32l4xx_hal_uart.o
    0x08004d9c   0x08004d9c   0x000000ac   Code   RO         1337    .text.UART_RxISR_8BIT  stm32l4xx_hal_uart.o
    0x08004e48   0x08004e48   0x000001b0   Code   RO         1219    .text.UART_SetConfig  stm32l4xx_hal_uart.o
    0x08004ff8   0x08004ff8   0x000000b4   Code   RO         1247    .text.UART_Start_Receive_IT  stm32l4xx_hal_uart.o
    0x080050ac   0x080050ac   0x00000088   Code   RO         1235    .text.UART_WaitOnFlagUntilTimeout  stm32l4xx_hal_uart.o
    0x08005134   0x08005134   0x00000008   Code   RO           62    .text.USART1_IRQHandler  stm32l4xx_it.o
    0x0800513c   0x0800513c   0x00000002   Code   RO           58    .text.UsageFault_Handler  stm32l4xx_it.o
    0x0800513e   0x0800513e   0x00000002   PAD
    0x08005140   0x08005140   0x00000238   Code   RO           11    .text.main          main.o
    0x08005378   0x08005378   0x0000001a   Code   RO         1942    .text.osDelay       cmsis_os2.o
    0x08005392   0x08005392   0x00000002   PAD
    0x08005394   0x08005394   0x00000020   Code   RO         1884    .text.osKernelInitialize  cmsis_os2.o
    0x080053b4   0x080053b4   0x00000038   Code   RO         1890    .text.osKernelStart  cmsis_os2.o
    0x080053ec   0x080053ec   0x00000060   Code   RO         1992    .text.osMessageQueueNew  cmsis_os2.o
    0x0800544c   0x0800544c   0x0000008c   Code   RO         1906    .text.osThreadNew   cmsis_os2.o
    0x080054d8   0x080054d8   0x000000a8   Code   RO          126    .text.parse_coordinate  gps_module.o
    0x08005580   0x08005580   0x00000054   Code   RO         1692    .text.prvAddCurrentTaskToDelayedList  tasks.o
    0x080055d4   0x080055d4   0x000000b8   Code   RO         1678    .text.prvAddNewTaskToReadyList  tasks.o
    0x0800568c   0x0800568c   0x0000005c   Code   RO         1827    .text.prvCheckForValidListAndQueue  timers.o
    0x080056e8   0x080056e8   0x00000024   Code   RO         1549    .text.prvCopyDataFromQueue  queue.o
    0x0800570c   0x0800570c   0x00000070   Code   RO         1539    .text.prvCopyDataToQueue  queue.o
    0x0800577c   0x0800577c   0x00000036   Code   RO         1684    .text.prvDeleteTCB  tasks.o
    0x080057b2   0x080057b2   0x00000002   PAD
    0x080057b4   0x080057b4   0x00000054   Code   RO         1716    .text.prvIdleTask   tasks.o
    0x08005808   0x08005808   0x00000020   Code   RO         1513    .text.prvInitialiseNewQueue  queue.o
    0x08005828   0x08005828   0x0000008e   Code   RO         1676    .text.prvInitialiseNewTask  tasks.o
    0x080058b6   0x080058b6   0x00000002   PAD
    0x080058b8   0x080058b8   0x00000048   Code   RO         2063    .text.prvInsertBlockIntoFreeList  heap_4.o
    0x08005900   0x08005900   0x00000038   Code   RO         1867    .text.prvInsertTimerInActiveList  timers.o
    0x08005938   0x08005938   0x00000016   Code   RO         1551    .text.prvIsQueueEmpty  queue.o
    0x0800594e   0x0800594e   0x00000002   PAD
    0x08005950   0x08005950   0x00000028   Code   RO         2097    .text.prvPortStartFirstTask  port.o
    0x08005978   0x08005978   0x00000020   Code   RO         1686    .text.prvResetNextTaskUnblockTime  tasks.o
    0x08005998   0x08005998   0x0000009a   Code   RO         1865    .text.prvSampleTimeNow  timers.o
    0x08005a32   0x08005a32   0x00000002   PAD
    0x08005a34   0x08005a34   0x00000030   Code   RO         2087    .text.prvTaskExitError  port.o
    0x08005a64   0x08005a64   0x000001d8   Code   RO         1829    .text.prvTimerTask  timers.o
    0x08005c3c   0x08005c3c   0x00000062   Code   RO         1541    .text.prvUnlockQueue  queue.o
    0x08005c9e   0x08005c9e   0x00000002   PAD
    0x08005ca0   0x08005ca0   0x00000100   Code   RO         2061    .text.pvPortMalloc  heap_4.o
    0x08005da0   0x08005da0   0x00000024   Code   RO         2085    .text.pxPortInitialiseStack  port.o
    0x08005dc4   0x08005dc4   0x00000020   Code   RO         1499    .text.uxListRemove  list.o
    0x08005de4   0x08005de4   0x00000018   Code   RO         2030    .text.vApplicationGetIdleTaskMemory  cmsis_os2.o
    0x08005dfc   0x08005dfc   0x00000018   Code   RO         2032    .text.vApplicationGetTimerTaskMemory  cmsis_os2.o
    0x08005e14   0x08005e14   0x00000016   Code   RO         1491    .text.vListInitialise  list.o
    0x08005e2a   0x08005e2a   0x00000006   Code   RO         1493    .text.vListInitialiseItem  list.o
    0x08005e30   0x08005e30   0x0000002e   Code   RO         1497    .text.vListInsert   list.o
    0x08005e5e   0x08005e5e   0x00000018   Code   RO         1495    .text.vListInsertEnd  list.o
    0x08005e76   0x08005e76   0x00000002   PAD
    0x08005e78   0x08005e78   0x00000014   Code   RO         2095    .text.vPortEnableVFP  port.o
    0x08005e8c   0x08005e8c   0x00000038   Code   RO         2101    .text.vPortEnterCritical  port.o
    0x08005ec4   0x08005ec4   0x0000002c   Code   RO         2103    .text.vPortExitCritical  port.o
    0x08005ef0   0x08005ef0   0x00000074   Code   RO         2065    .text.vPortFree     heap_4.o
    0x08005f64   0x08005f64   0x00000028   Code   RO         2093    .text.vPortSetupTimerInterrupt  port.o
    0x08005f8c   0x08005f8c   0x00000054   Code   RO         2109    .text.vPortValidateInterruptPriority  port.o
    0x08005fe0   0x08005fe0   0x00000020   Code   RO         1579    .text.vQueueAddToRegistry  queue.o
    0x08006000   0x08006000   0x00000040   Code   RO         1583    .text.vQueueWaitForMessageRestricted  queue.o
    0x08006040   0x08006040   0x00000044   Code   RO         1696    .text.vTaskDelay    tasks.o
    0x08006084   0x08006084   0x0000000c   Code   RO         1748    .text.vTaskInternalSetTimeOutState  tasks.o
    0x08006090   0x08006090   0x00000008   Code   RO         1752    .text.vTaskMissedYield  tasks.o
    0x08006098   0x08006098   0x00000030   Code   RO         1736    .text.vTaskPlaceOnEventList  tasks.o
    0x080060c8   0x080060c8   0x00000038   Code   RO         1740    .text.vTaskPlaceOnEventListRestricted  tasks.o
    0x08006100   0x08006100   0x00000080   Code   RO         1714    .text.vTaskStartScheduler  tasks.o
    0x08006180   0x08006180   0x0000000c   Code   RO         1690    .text.vTaskSuspendAll  tasks.o
    0x0800618c   0x0800618c   0x00000060   Code   RO         1708    .text.vTaskSwitchContext  tasks.o
    0x080061ec   0x080061ec   0x00000058   Code   RO          124    .text.validate_checksum  gps_module.o
    0x08006244   0x08006244   0x000000e4   Code   RO         2091    .text.xPortStartScheduler  port.o
    0x08006328   0x08006328   0x0000002c   Code   RO         2107    .text.xPortSysTickHandler  port.o
    0x08006354   0x08006354   0x00000042   Code   RO         1515    .text.xQueueGenericCreate  queue.o
    0x08006396   0x08006396   0x00000088   Code   RO         1511    .text.xQueueGenericCreateStatic  queue.o
    0x0800641e   0x0800641e   0x00000002   PAD
    0x08006420   0x08006420   0x0000007c   Code   RO         1509    .text.xQueueGenericReset  queue.o
    0x0800649c   0x0800649c   0x0000017e   Code   RO         1529    .text.xQueueGenericSend  queue.o
    0x0800661a   0x0800661a   0x000000c0   Code   RO         1543    .text.xQueueGenericSendFromISR  queue.o
    0x080066da   0x080066da   0x00000002   PAD
    0x080066dc   0x080066dc   0x0000013a   Code   RO         1547    .text.xQueueReceive  queue.o
    0x08006816   0x08006816   0x00000002   PAD
    0x08006818   0x08006818   0x0000006c   Code   RO         1750    .text.xTaskCheckForTimeOut  tasks.o
    0x08006884   0x08006884   0x0000005e   Code   RO         1680    .text.xTaskCreate   tasks.o
    0x080068e2   0x080068e2   0x00000070   Code   RO         1674    .text.xTaskCreateStatic  tasks.o
    0x08006952   0x08006952   0x00000002   PAD
    0x08006954   0x08006954   0x00000018   Code   RO         1766    .text.xTaskGetSchedulerState  tasks.o
    0x0800696c   0x0800696c   0x00000008   Code   RO         1722    .text.xTaskGetTickCount  tasks.o
    0x08006974   0x08006974   0x000000cc   Code   RO         1720    .text.xTaskIncrementTick  tasks.o
    0x08006a40   0x08006a40   0x0000006c   Code   RO         1770    .text.xTaskPriorityDisinherit  tasks.o
    0x08006aac   0x08006aac   0x0000005c   Code   RO         1742    .text.xTaskRemoveFromEventList  tasks.o
    0x08006b08   0x08006b08   0x000000c4   Code   RO         1694    .text.xTaskResumeAll  tasks.o
    0x08006bcc   0x08006bcc   0x00000064   Code   RO         1825    .text.xTimerCreateTimerTask  timers.o
    0x08006c30   0x08006c30   0x00000058   Code   RO         1837    .text.xTimerGenericCommand  timers.o
    0x08006c88   0x08006c88   0x0000003e   Code   RO         2369    CL$$btod_d2e        c_w.l(btod.o)
    0x08006cc6   0x08006cc6   0x00000046   Code   RO         2371    CL$$btod_d2e_denorm_low  c_w.l(btod.o)
    0x08006d0c   0x08006d0c   0x00000060   Code   RO         2370    CL$$btod_d2e_norm_op1  c_w.l(btod.o)
    0x08006d6c   0x08006d6c   0x00000338   Code   RO         2379    CL$$btod_div_common  c_w.l(btod.o)
    0x080070a4   0x080070a4   0x00000084   Code   RO         2377    CL$$btod_e2d        c_w.l(btod.o)
    0x08007128   0x08007128   0x000000dc   Code   RO         2376    CL$$btod_e2e        c_w.l(btod.o)
    0x08007204   0x08007204   0x0000002a   Code   RO         2373    CL$$btod_ediv       c_w.l(btod.o)
    0x0800722e   0x0800722e   0x0000002a   Code   RO         2375    CL$$btod_edivd      c_w.l(btod.o)
    0x08007258   0x08007258   0x0000002a   Code   RO         2372    CL$$btod_emul       c_w.l(btod.o)
    0x08007282   0x08007282   0x0000002a   Code   RO         2374    CL$$btod_emuld      c_w.l(btod.o)
    0x080072ac   0x080072ac   0x00000244   Code   RO         2378    CL$$btod_mult_common  c_w.l(btod.o)
    0x080074f0   0x080074f0   0x00000030   Code   RO         2456    i.__ARM_fpclassify  m_wm.l(fpclassify.o)
    0x08007520   0x08007520   0x000000f8   Code   RO         2487    i.__hardfp___mathlib_tofloat  m_wm.l(narrow.o)
    0x08007618   0x08007618   0x00000038   Code   RO         2159    i.__hardfp_atof     m_wm.l(atof.o)
    0x08007650   0x08007650   0x000000d0   Code   RO         2558    i.__hardfp_ldexp    m_wm.l(ldexp.o)
    0x08007720   0x08007720   0x00000020   Code   RO         2604    i.__mathlib_dbl_overflow  m_wm.l(dunder.o)
    0x08007740   0x08007740   0x00000020   Code   RO         2606    i.__mathlib_dbl_underflow  m_wm.l(dunder.o)
    0x08007760   0x08007760   0x00000012   Code   RO         2488    i.__mathlib_narrow  m_wm.l(narrow.o)
    0x08007772   0x08007772   0x00000014   Code   RO         2560    i.__support_ldexp   m_wm.l(ldexp.o)
    0x08007786   0x08007786   0x0000000e   Code   RO         2237    i._is_digit         c_w.l(__printf_wp.o)
    0x08007794   0x08007794   0x00000004   PAD
    0x08007798   0x08007798   0x0000008c   Code   RO         2526    i.frexp             m_wm.l(frexp.o)
    0x08007824   0x08007824   0x0000002c   Code   RO         2347    locale$$code        c_w.l(lc_ctype_c.o)
    0x08007850   0x08007850   0x0000002c   Code   RO         2350    locale$$code        c_w.l(lc_numeric_c.o)
    0x0800787c   0x0800787c   0x00000062   Code   RO         2155    x$fpl$d2f           fz_wm.l(d2f.o)
    0x080078de   0x080078de   0x00000002   PAD
    0x080078e0   0x080078e0   0x00000010   Code   RO         2620    x$fpl$dcheck1       fz_wm.l(dcheck1.o)
    0x080078f0   0x080078f0   0x00000018   Code   RO         2552    x$fpl$dcmpinf       fz_wm.l(dcmpi.o)
    0x08007908   0x08007908   0x00000078   Code   RO         2520    x$fpl$deqf          fz_wm.l(deqf.o)
    0x08007980   0x08007980   0x00000078   Code   RO         2554    x$fpl$dleqf         fz_wm.l(dleqf.o)
    0x080079f8   0x080079f8   0x00000154   Code   RO         2556    x$fpl$dmul          fz_wm.l(dmul.o)
    0x08007b4c   0x08007b4c   0x0000009c   Code   RO         2278    x$fpl$dnaninf       fz_wm.l(dnaninf.o)
    0x08007be8   0x08007be8   0x0000000c   Code   RO         2280    x$fpl$dretinf       fz_wm.l(dretinf.o)
    0x08007bf4   0x08007bf4   0x0000006c   Code   RO         2522    x$fpl$drleqf        fz_wm.l(drleqf.o)
    0x08007c60   0x08007c60   0x00000056   Code   RO         2157    x$fpl$f2d           fz_wm.l(f2d.o)
    0x08007cb6   0x08007cb6   0x0000008c   Code   RO         2282    x$fpl$fnaninf       fz_wm.l(fnaninf.o)
    0x08007d42   0x08007d42   0x0000001a   Code   RO         2479    x$fpl$fpinit        fz_wm.l(fpinit.o)
    0x08007d5c   0x08007d5c   0x0000000a   Code   RO         2284    x$fpl$fretinf       fz_wm.l(fretinf.o)
    0x08007d66   0x08007d66   0x00000006   Code   RO         2454    x$fpl$ieeestatus    fz_wm.l(istatus.o)
    0x08007d6c   0x08007d6c   0x00000004   Code   RO         2286    x$fpl$printf1       fz_wm.l(printf1.o)
    0x08007d70   0x08007d70   0x00000004   Code   RO         2288    x$fpl$printf2       fz_wm.l(printf2.o)
    0x08007d74   0x08007d74   0x00000064   Code   RO         2626    x$fpl$retnan        fz_wm.l(retnan.o)
    0x08007dd8   0x08007dd8   0x0000005c   Code   RO         2598    x$fpl$scalbn        fz_wm.l(scalbn.o)
    0x08007e34   0x08007e34   0x00000004   Code   RO         2356    x$fpl$scanf1        fz_wm.l(scanf1.o)
    0x08007e38   0x08007e38   0x00000008   Code   RO         2481    x$fpl$scanf2        fz_wm.l(scanf2.o)
    0x08007e40   0x08007e40   0x00000030   Code   RO         2628    x$fpl$trapveneer    fz_wm.l(trapv.o)
    0x08007e70   0x08007e70   0x00000000   Code   RO         2294    x$fpl$usenofp       fz_wm.l(usenofp.o)
    0x08007e70   0x08007e70   0x00000008   Data   RO         2196    .constdata          c_w.l(_printf_wctomb.o)
    0x08007e78   0x08007e78   0x00000028   Data   RO         2225    .constdata          c_w.l(_printf_hex_int_ll_ptr.o)
    0x08007ea0   0x08007ea0   0x00000011   Data   RO         2245    .constdata          c_w.l(__printf_flags_ss_wp.o)
    0x08007eb1   0x08007eb1   0x00000026   Data   RO         2331    .constdata          c_w.l(_printf_fp_hex.o)
    0x08007ed7   0x08007ed7   0x00000001   PAD
    0x08007ed8   0x08007ed8   0x00000094   Data   RO         2367    .constdata          c_w.l(bigflt0.o)
    0x08007f6c   0x08007f6c   0x00000010   Data   RO         1443    .rodata.AHBPrescTable  system_stm32l4xx.o
    0x08007f7c   0x08007f7c   0x00000008   Data   RO         1444    .rodata.APBPrescTable  system_stm32l4xx.o
    0x08007f84   0x08007f84   0x00000030   Data   RO         1445    .rodata.MSIRangeTable  system_stm32l4xx.o
    0x08007fb4   0x08007fb4   0x00000010   Data   RO         1397    .rodata.cst16       stm32l4xx_hal_uart.o
    0x08007fc4   0x08007fc4   0x00000024   Data   RO           32    .rodata.defaultTask_attributes  main.o
    0x08007fe8   0x08007fe8   0x00000018   Data   RO           36    .rodata.gpsRxQueue_attributes  main.o
    0x08008000   0x08008000   0x00000024   Data   RO           34    .rodata.gpsTask_attributes  main.o
    0x08008024   0x08008024   0x00000024   Data   RO           33    .rodata.servoTask_attributes  main.o
    0x08008048   0x08008048   0x00000024   Data   RO           35    .rodata.solarTask_attributes  main.o
    0x0800806c   0x0800806c   0x00000033   Data   RO           31    .rodata.str1.1      main.o
    0x0800809f   0x0800809f   0x00000122   Data   RO          133    .rodata.str1.1      gps_module.o
    0x080081c1   0x080081c1   0x00000003   PAD
    0x080081c4   0x080081c4   0x00000020   Data   RO         2631    Region$$Table       anon$$obj.o
    0x080081e4   0x080081e4   0x00000008   Data   RO         2475    c$$dinf             fz_wm.l(fpconst.o)
    0x080081ec   0x080081ec   0x00000008   Data   RO         2478    c$$dmax             fz_wm.l(fpconst.o)
    0x080081f4   0x080081f4   0x00000110   Data   RO         2346    locale$$data        c_w.l(lc_ctype_c.o)
    0x08008304   0x08008304   0x0000001c   Data   RO         2349    locale$$data        c_w.l(lc_numeric_c.o)


    Execution Region RW_IRAM2 (Exec base: 0x10000000, Load base: 0x08008338, Size: 0x00000000, Max: 0x00004000, ABSOLUTE)

    **** No section assigned to this execution region ****


    Execution Region RW_IRAM1 (Exec base: 0x20000000, Load base: 0x08008320, Size: 0x00005338, Max: 0x0000c000, ABSOLUTE)

    Exec Addr    Load Addr    Size         Type   Attr      Idx    E Section Name        Object

    0x20000000   0x08008320   0x00000004   Data   RW         2131    .data               c_w.l(strtok.o)
    0x20000004   0x08008324   0x00000008   Data   RW          751    .data..L_MergedGlobals  stm32l4xx_hal.o
    0x2000000c   0x0800832c   0x00000004   Data   RW         1442    .data.SystemCoreClock  system_stm32l4xx.o
    0x20000010   0x08008330   0x00000004   Data   RW         2111    .data.uxCriticalNesting  port.o
    0x20000014   0x08008334   0x00000004   PAD
    0x20000018        -       0x00000060   Zero   RW         2296    .bss                c_w.l(libspace.o)
    0x20000078        -       0x00000060   Zero   RW           40    .bss..L_MergedGlobals  main.o
    0x200000d8        -       0x0000002c   Zero   RW          136    .bss..L_MergedGlobals  gps_module.o
    0x20000104        -       0x00000078   Zero   RW         1815    .bss..L_MergedGlobals  tasks.o
    0x2000017c        -       0x0000003c   Zero   RW         1873    .bss..L_MergedGlobals  timers.o
    0x200001b8        -       0x00000020   Zero   RW         2076    .bss..L_MergedGlobals  heap_4.o
    0x200001d8        -       0x00000008   Zero   RW         2112    .bss..L_MergedGlobals  port.o
    0x200001e0        -       0x00000028   Zero   RW         1816    .bss..L_MergedGlobals.1  tasks.o
    0x20000208        -       0x00000100   Zero   RW          134    .bss.GPS_DebugPrint.debug_buffer  gps_module.o
    0x20000308        -       0x00000004   Zero   RW          135    .bss.GPS_Task.last_print  gps_module.o
    0x2000030c        -       0x00000004   Zero   RW         2048    .bss.KernelState    cmsis_os2.o
    0x20000310        -       0x00000080   Zero   RW          132    .bss.gps_line_buffer  gps_module.o
    0x20000390        -       0x0000004c   Zero   RW          103    .bss.htim6          stm32l4xx_hal_timebase_tim.o
    0x200003dc        -       0x00000088   Zero   RW           37    .bss.huart1         main.o
    0x20000464        -       0x00000088   Zero   RW           38    .bss.huart2         main.o
    0x200004ec        -       0x000000a0   Zero   RW         1872    .bss.prvCheckForValidListAndQueue.ucStaticTimerQueueStorage  timers.o
    0x2000058c        -       0x00000050   Zero   RW         1871    .bss.prvCheckForValidListAndQueue.xStaticTimerQueue  timers.o
    0x200005dc        -       0x00000460   Zero   RW         1814    .bss.pxReadyTasksLists  tasks.o
    0x20000a3c        -       0x00003c00   Zero   RW         2075    .bss.ucHeap         heap_4.o
    0x2000463c        -       0x00000004   Zero   RW          750    .bss.uwTick         stm32l4xx_hal.o
    0x20004640        -       0x00000200   Zero   RW         2050    .bss.vApplicationGetIdleTaskMemory.Idle_Stack  cmsis_os2.o
    0x20004840        -       0x0000005c   Zero   RW         2049    .bss.vApplicationGetIdleTaskMemory.Idle_TCB  cmsis_os2.o
    0x2000489c        -       0x00000400   Zero   RW         2052    .bss.vApplicationGetTimerTaskMemory.Timer_Stack  cmsis_os2.o
    0x20004c9c        -       0x0000005c   Zero   RW         2051    .bss.vApplicationGetTimerTaskMemory.Timer_TCB  cmsis_os2.o
    0x20004cf8        -       0x00000040   Zero   RW         1601    .bss.xQueueRegistry  queue.o
    0x20004d38        -       0x00000200   Zero   RW            2    HEAP                startup_stm32l432xx.o
    0x20004f38        -       0x00000400   Zero   RW            1    STACK               startup_stm32l432xx.o

